Archive member included to satisfy reference by file (symbol)

/opt/st/stm32cubeide_1.2.0/plugins/com.st.stm32cube.ide.mcu.externaltools.gnu-tools-for-stm32.7-2018-q2-update.linux64_1.0.0.201904181610/tools/bin/../lib/gcc/arm-none-eabi/7.3.1/../../../../arm-none-eabi/lib/thumb/v7e-m/fpv4-sp/hard/libc_nano.a(lib_a-errno.o)
                              Core/Src/syscalls.o (__errno)
/opt/st/stm32cubeide_1.2.0/plugins/com.st.stm32cube.ide.mcu.externaltools.gnu-tools-for-stm32.7-2018-q2-update.linux64_1.0.0.201904181610/tools/bin/../lib/gcc/arm-none-eabi/7.3.1/../../../../arm-none-eabi/lib/thumb/v7e-m/fpv4-sp/hard/libc_nano.a(lib_a-exit.o)
                              /opt/st/stm32cubeide_1.2.0/plugins/com.st.stm32cube.ide.mcu.externaltools.gnu-tools-for-stm32.7-2018-q2-update.linux64_1.0.0.201904181610/tools/bin/../lib/gcc/arm-none-eabi/7.3.1/../../../../arm-none-eabi/lib/thumb/v7e-m/fpv4-sp/hard/crt0.o (exit)
/opt/st/stm32cubeide_1.2.0/plugins/com.st.stm32cube.ide.mcu.externaltools.gnu-tools-for-stm32.7-2018-q2-update.linux64_1.0.0.201904181610/tools/bin/../lib/gcc/arm-none-eabi/7.3.1/../../../../arm-none-eabi/lib/thumb/v7e-m/fpv4-sp/hard/libc_nano.a(lib_a-impure.o)
                              /opt/st/stm32cubeide_1.2.0/plugins/com.st.stm32cube.ide.mcu.externaltools.gnu-tools-for-stm32.7-2018-q2-update.linux64_1.0.0.201904181610/tools/bin/../lib/gcc/arm-none-eabi/7.3.1/../../../../arm-none-eabi/lib/thumb/v7e-m/fpv4-sp/hard/libc_nano.a(lib_a-exit.o) (_global_impure_ptr)
/opt/st/stm32cubeide_1.2.0/plugins/com.st.stm32cube.ide.mcu.externaltools.gnu-tools-for-stm32.7-2018-q2-update.linux64_1.0.0.201904181610/tools/bin/../lib/gcc/arm-none-eabi/7.3.1/../../../../arm-none-eabi/lib/thumb/v7e-m/fpv4-sp/hard/libc_nano.a(lib_a-init.o)
                              /opt/st/stm32cubeide_1.2.0/plugins/com.st.stm32cube.ide.mcu.externaltools.gnu-tools-for-stm32.7-2018-q2-update.linux64_1.0.0.201904181610/tools/bin/../lib/gcc/arm-none-eabi/7.3.1/../../../../arm-none-eabi/lib/thumb/v7e-m/fpv4-sp/hard/crt0.o (__libc_init_array)
/opt/st/stm32cubeide_1.2.0/plugins/com.st.stm32cube.ide.mcu.externaltools.gnu-tools-for-stm32.7-2018-q2-update.linux64_1.0.0.201904181610/tools/bin/../lib/gcc/arm-none-eabi/7.3.1/../../../../arm-none-eabi/lib/thumb/v7e-m/fpv4-sp/hard/libc_nano.a(lib_a-memset.o)
                              /opt/st/stm32cubeide_1.2.0/plugins/com.st.stm32cube.ide.mcu.externaltools.gnu-tools-for-stm32.7-2018-q2-update.linux64_1.0.0.201904181610/tools/bin/../lib/gcc/arm-none-eabi/7.3.1/../../../../arm-none-eabi/lib/thumb/v7e-m/fpv4-sp/hard/crt0.o (memset)
/opt/st/stm32cubeide_1.2.0/plugins/com.st.stm32cube.ide.mcu.externaltools.gnu-tools-for-stm32.7-2018-q2-update.linux64_1.0.0.201904181610/tools/bin/../lib/gcc/arm-none-eabi/7.3.1/../../../../arm-none-eabi/lib/thumb/v7e-m/fpv4-sp/hard/libm.a(lib_a-s_cos.o)
                              Core/Lib/moduli/odometrija/odometrija.o (cos)
/opt/st/stm32cubeide_1.2.0/plugins/com.st.stm32cube.ide.mcu.externaltools.gnu-tools-for-stm32.7-2018-q2-update.linux64_1.0.0.201904181610/tools/bin/../lib/gcc/arm-none-eabi/7.3.1/../../../../arm-none-eabi/lib/thumb/v7e-m/fpv4-sp/hard/libm.a(lib_a-s_sin.o)
                              Core/Lib/moduli/odometrija/odometrija.o (sin)
/opt/st/stm32cubeide_1.2.0/plugins/com.st.stm32cube.ide.mcu.externaltools.gnu-tools-for-stm32.7-2018-q2-update.linux64_1.0.0.201904181610/tools/bin/../lib/gcc/arm-none-eabi/7.3.1/../../../../arm-none-eabi/lib/thumb/v7e-m/fpv4-sp/hard/libm.a(lib_a-sf_cos.o)
                              Core/Lib/moduli/pid/pid.o (cosf)
/opt/st/stm32cubeide_1.2.0/plugins/com.st.stm32cube.ide.mcu.externaltools.gnu-tools-for-stm32.7-2018-q2-update.linux64_1.0.0.201904181610/tools/bin/../lib/gcc/arm-none-eabi/7.3.1/../../../../arm-none-eabi/lib/thumb/v7e-m/fpv4-sp/hard/libm.a(lib_a-sf_sin.o)
                              Core/Lib/moduli/pid/pid.o (sinf)
/opt/st/stm32cubeide_1.2.0/plugins/com.st.stm32cube.ide.mcu.externaltools.gnu-tools-for-stm32.7-2018-q2-update.linux64_1.0.0.201904181610/tools/bin/../lib/gcc/arm-none-eabi/7.3.1/../../../../arm-none-eabi/lib/thumb/v7e-m/fpv4-sp/hard/libm.a(lib_a-w_sqrt.o)
                              Core/Lib/moduli/pid/pid.o (sqrt)
/opt/st/stm32cubeide_1.2.0/plugins/com.st.stm32cube.ide.mcu.externaltools.gnu-tools-for-stm32.7-2018-q2-update.linux64_1.0.0.201904181610/tools/bin/../lib/gcc/arm-none-eabi/7.3.1/../../../../arm-none-eabi/lib/thumb/v7e-m/fpv4-sp/hard/libm.a(lib_a-wf_atan2.o)
                              Core/Lib/moduli/pid/pid.o (atan2f)
/opt/st/stm32cubeide_1.2.0/plugins/com.st.stm32cube.ide.mcu.externaltools.gnu-tools-for-stm32.7-2018-q2-update.linux64_1.0.0.201904181610/tools/bin/../lib/gcc/arm-none-eabi/7.3.1/../../../../arm-none-eabi/lib/thumb/v7e-m/fpv4-sp/hard/libm.a(lib_a-e_rem_pio2.o)
[...]
Memory Configuration

Name             Origin             Length             Attributes
RAM              0x0000000020000000 0x0000000000018000 xrw
FLASH            0x0000000008000000 0x0000000000080000 xr
*default*        0x0000000000000000 0xffffffffffffffff

Linker script and memory map

LOAD /opt/st/stm32cubeide_1.2.0/plugins/com.st.stm32cube.ide.mcu.externaltools.gnu-tools-for-stm32.7-2018-q2-update.linux64_1.0.0.201904181610/tools/bin/../lib/gcc/arm-none-eabi/7.3.1/thumb/v7e-m/fpv4-sp/hard/crti.o
LOAD /opt/st/stm32cubeide_1.2.0/plugins/com.st.stm32cube.ide.mcu.externaltools.gnu-tools-for-stm32.7-2018-q2-update.linux64_1.0.0.201904181610/tools/bin/../lib/gcc/arm-none-eabi/7.3.1/thumb/v7e-m/fpv4-sp/hard/crtbegin.o
LOAD /opt/st/stm32cubeide_1.2.0/plugins/com.st.stm32cube.ide.mcu.externaltools.gnu-tools-for-stm32.7-2018-q2-update.linux64_1.0.0.201904181610/tools/bin/../lib/gcc/arm-none-eabi/7.3.1/../../../../arm-none-eabi/lib/thumb/v7e-m/fpv4-sp/hard/crt0.o
LOAD Core/Lib/moduli/ax/ax.o
LOAD Core/Lib/moduli/maxxoni/maxxoni.o
LOAD Core/Lib/moduli/odometrija/odometrija.o
LOAD Core/Lib/moduli/pid/pid.o
LOAD Core/Lib/moduli/sick/sick.o
LOAD Core/Lib/moduli/step/step.o
LOAD Core/Lib/periferije/enkoder/enkoder.o
LOAD Core/Lib/periferije/gpio/gpio.o
LOAD Core/Lib/periferije/tajmer/tajmer.o
LOAD Core/Lib/periferije/uart/uart.o
LOAD Core/Src/main.o
LOAD Core/Src/stm32f4xx_hal_msp.o
LOAD Core/Src/stm32f4xx_it.o
LOAD Core/Src/syscalls.o
LOAD Core/Src/sysmem.o
LOAD Core/Src/system_stm32f4xx.o
LOAD Core/Startup/startup_stm32f401retx.o
LOAD Drivers/STM32F4xx_HAL_Driver/Src/stm32f4xx_hal.o
LOAD Drivers/STM32F4xx_HAL_Driver/Src/stm32f4xx_hal_cortex.o
LOAD Drivers/STM32F4xx_HAL_Driver/Src/stm32f4xx_hal_dma.o
LOAD Drivers/STM32F4xx_HAL_Driver/Src/stm32f4xx_hal_dma_ex.o
LOAD Drivers/STM32F4xx_HAL_Driver/Src/stm32f4xx_hal_exti.o
LOAD Drivers/STM32F4xx_HAL_Driver/Src/stm32f4xx_hal_flash.o
LOAD Drivers/STM32F4xx_HAL_Driver/Src/stm32f4xx_hal_flash_ex.o
LOAD Drivers/STM32F4xx_HAL_Driver/Src/stm32f4xx_hal_flash_ramfunc.o
LOAD Drivers/STM32F4xx_HAL_Driver/Src/stm32f4xx_hal_gpio.o
LOAD Drivers/STM32F4xx_HAL_Driver/Src/stm32f4xx_hal_pwr.o
LOAD Drivers/STM32F4xx_HAL_Driver/Src/stm32f4xx_hal_pwr_ex.o
LOAD Drivers/STM32F4xx_HAL_Driver/Src/stm32f4xx_hal_rcc.o
LOAD Drivers/STM32F4xx_HAL_Driver/Src/stm32f4xx_hal_rcc_ex.o
LOAD Drivers/STM32F4xx_HAL_Driver/Src/stm32f4xx_hal_tim.o
LOAD Drivers/STM32F4xx_HAL_Driver/Src/stm32f4xx_hal_tim_ex.o
START GROUP
LOAD /opt/st/stm32cubeide_1.2.0/plugins/com.st.stm32cube.ide.mcu.externaltools.gnu-tools-for-stm32.7-2018-q2-update.linux64_1.0.0.201904181610/tools/bin/../lib/gcc/arm-none-eabi/7.3.1/../../../../arm-none-eabi/lib/thumb/v7e-m/fpv4-sp/hard/libc_nano.a
LOAD /opt/st/stm32cubeide_1.2.0/plugins/com.st.stm32cube.ide.mcu.externaltools.gnu-tools-for-stm32.7-2018-q2-update.linux64_1.0.0.201904181610/tools/bin/../lib/gcc/arm-none-eabi/7.3.1/../../../../arm-none-eabi/lib/thumb/v7e-m/fpv4-sp/hard/libm.a
END GROUP
START GROUP
LOAD /opt/st/stm32cubeide_1.2.0/plugins/com.st.stm32cube.ide.mcu.externaltools.gnu-tools-for-stm32.7-2018-q2-update.linux64_1.0.0.201904181610/tools/bin/../lib/gcc/arm-none-eabi/7.3.1/thumb/v7e-m/fpv4-sp/hard/libgcc.a
LOAD /opt/st/stm32cubeide_1.2.0/plugins/com.st.stm32cube.ide.mcu.externaltools.gnu-tools-for-stm32.7-2018-q2-update.linux64_1.0.0.201904181610/tools/bin/../lib/gcc/arm-none-eabi/7.3.1/../../../../arm-none-eabi/lib/thumb/v7e-m/fpv4-sp/hard/libc_nano.a
END GROUP
START GROUP
LOAD /opt/st/stm32cubeide_1.2.0/plugins/com.st.stm32cube.ide.mcu.externaltools.gnu-tools-for-stm32.7-2018-q2-update.linux64_1.0.0.201904181610/tools/bin/../lib/gcc/arm-none-eabi/7.3.1/thumb/v7e-m/fpv4-sp/hard/libgcc.a
LOAD /opt/st/stm32cubeide_1.2.0/plugins/com.st.stm32cube.ide.mcu.externaltools.gnu-tools-for-stm32.7-2018-q2-update.linux64_1.0.0.201904181610/tools/bin/../lib/gcc/arm-none-eabi/7.3.1/../../../../arm-none-eabi/lib/thumb/v7e-m/fpv4-sp/hard/libc_nano.a
LOAD /opt/st/stm32cubeide_1.2.0/plugins/com.st.stm32cube.ide.mcu.externaltools.gnu-tools-for-stm32.7-2018-q2-update.linux64_1.0.0.201904181610/tools/bin/../lib/gcc/arm-none-eabi/7.3.1/../../../../arm-none-eabi/lib/thumb/v7e-m/fpv4-sp/hard/libnosys.a
END GROUP
START GROUP
LOAD /opt/st/stm32cubeide_1.2.0/plugins/com.st.stm32cube.ide.mcu.externaltools.gnu-tools-for-stm32.7-2018-q2-update.linux64_1.0.0.201904181610/tools/bin/../lib/gcc/arm-none-eabi/7.3.1/thumb/v7e-m/fpv4-sp/hard/libgcc.a
LOAD /opt/st/stm32cubeide_1.2.0/plugins/com.st.stm32cube.ide.mcu.externaltools.gnu-tools-for-stm32.7-2018-q2-update.linux64_1.0.0.201904181610/tools/bin/../lib/gcc/arm-none-eabi/7.3.1/../../../../arm-none-eabi/lib/thumb/v7e-m/fpv4-sp/hard/libc_nano.a
LOAD /opt/st/stm32cubeide_1.2.0/plugins/com.st.stm32cube.ide.mcu.externaltools.gnu-tools-for-stm32.7-2018-q2-update.linux64_1.0.0.201904181610/tools/bin/../lib/gcc/arm-none-eabi/7.3.1/../../../../arm-none-eabi/lib/thumb/v7e-m/fpv4-sp/hard/libnosys.a
END GROUP
LOAD /opt/st/stm32cubeide_1.2.0/plugins/com.st.stm32cube.ide.mcu.externaltools.gnu-tools-for-stm32.7-2018-q2-update.linux64_1.0.0.201904181610/tools/bin/../lib/gcc/arm-none-eabi/7.3.1/thumb/v7e-m/fpv4-sp/hard/crtend.o
LOAD /opt/st/stm32cubeide_1.2.0/plugins/com.st.stm32cube.ide.mcu.externaltools.gnu-tools-for-stm32.7-2018-q2-update.linux64_1.0.0.201904181610/tools/bin/../lib/gcc/arm-none-eabi/7.3.1/thumb/v7e-m/fpv4-sp/hard/crtn.o
                0x0000000020018000                _estack = (ORIGIN (RAM) + LENGTH (RAM))
                0x0000000000000200                _Min_Heap_Size = 0x200
                0x0000000000000400                _Min_Stack_Size = 0x400

.isr_vector     0x0000000008000000      0x194
                0x0000000008000000                . = ALIGN (0x4)
 *(.isr_vector)
 .isr_vector    0x0000000008000000      0x194 Core/Startup/startup_stm32f401retx.o
                0x0000000008000000                g_pfnVectors
                0x0000000008000194                . = ALIGN (0x4)

.text           0x0000000008000198     0x6c80
                0x0000000008000198                . = ALIGN (0x4)
 *(.text)
 .text          0x0000000008000198       0x40 /opt/st/stm32cubeide_1.2.0/plugins/com.st.stm32cube.ide.mcu.externaltools.gnu-tools-for-stm32.7-2018-q2-update.linux64_1.0.0.201904181610/tools/bin/../lib/gcc/arm-none-eabi/7.3.1/thumb/v7e-m/fpv4-sp/hard/crtbegin.o
 .text          0x00000000080001d8      0x378 /opt/st/stm32cubeide_1.2.0/plugins/com.st.stm32cube.ide.mcu.externaltools.gnu-tools-for-stm32.7-2018-q2-update.linux64_1.0.0.201904181610/tools/bin/../lib/gcc/arm-none-eabi/7.3.1/thumb/v7e-m/fpv4-sp/hard/libgcc.a(_arm_addsubdf3.o)
                0x00000000080001d8                __aeabi_drsub
                0x00000000080001e0                __aeabi_dsub
                0x00000000080001e0                __subdf3
                0x00000000080001e4                __adddf3
                0x00000000080001e4                __aeabi_dadd
                0x000000000800045c                __aeabi_ui2d
                0x000000000800045c                __floatunsidf
                0x000000000800047c                __floatsidf
                0x000000000800047c                __aeabi_i2d
                0x00000000080004a0                __extendsfdf2
                0x00000000080004a0                __aeabi_f2d
                0x00000000080004e4                __aeabi_ul2d
                0x00000000080004e4                __floatundidf
                0x00000000080004f4                __floatdidf
                0x00000000080004f4                __aeabi_l2d
 .text          0x0000000008000550      0x424 /opt/st/stm32cubeide_1.2.0/plugins/com.st.stm32cube.ide.mcu.externaltools.gnu-tools-for-stm32.7-2018-q2-update.linux64_1.0.0.201904181610/tools/bin/../lib/gcc/arm-none-eabi/7.3.1/thumb/v7e-m/fpv4-sp/hard/libgcc.a(_arm_muldivdf3.o)
                0x0000000008000550                __aeabi_dmul
                0x0000000008000550                __muldf3
                0x00000000080007a4                __aeabi_ddiv
                0x00000000080007a4                __divdf3
 .text          0x0000000008000974      0x110 /opt/st/stm32cubeide_1.2.0/plugins/com.st.stm32cube.ide.mcu.externaltools.gnu-tools-for-stm32.7-2018-q2-update.linux64_1.0.0.201904181610/tools/bin/../lib/gcc/arm-none-eabi/7.3.1/thumb/v7e-m/fpv4-sp/hard/libgcc.a(_arm_cmpdf2.o)
                0x0000000008000974                __gtdf2
                0x0000000008000974                __gedf2
                0x000000000800097c                __ltdf2
                0x000000000800097c                __ledf2
                0x0000000008000984                __cmpdf2
                0x0000000008000984                __eqdf2
                0x0000000008000984                __nedf2
                0x0000000008000a00                __aeabi_cdrcmple
                0x0000000008000a10                __aeabi_cdcmple
                0x0000000008000a10                __aeabi_cdcmpeq
                0x0000000008000a20                __aeabi_dcmpeq
                0x0000000008000a34                __aeabi_dcmplt
                0x0000000008000a48                __aeabi_dcmple
                0x0000000008000a5c                __aeabi_dcmpge
                0x0000000008000a70                __aeabi_dcmpgt
 .text          0x0000000008000a84       0x2c /opt/st/stm32cubeide_1.2.0/plugins/com.st.stm32cube.ide.mcu.externaltools.gnu-tools-for-stm32.7-2018-q2-update.linux64_1.0.0.201904181610/tools/bin/../lib/gcc/arm-none-eabi/7.3.1/thumb/v7e-m/fpv4-sp/hard/libgcc.a(_arm_unorddf2.o)
                0x0000000008000a84                __aeabi_dcmpun
                0x0000000008000a84                __unorddf2
 .text          0x0000000008000ab0       0x50 /opt/st/stm32cubeide_1.2.0/plugins/com.st.stm32cube.ide.mcu.externaltools.gnu-tools-for-stm32.7-2018-q2-update.linux64_1.0.0.201904181610/tools/bin/../lib/gcc/arm-none-eabi/7.3.1/thumb/v7e-m/fpv4-sp/hard/libgcc.a(_arm_fixdfsi.o)
                0x0000000008000ab0                __fixdfsi
                0x0000000008000ab0                __aeabi_d2iz
 .text          0x0000000008000b00       0xa0 /opt/st/stm32cubeide_1.2.0/plugins/com.st.stm32cube.ide.mcu.externaltools.gnu-tools-for-stm32.7-2018-q2-update.linux64_1.0.0.201904181610/tools/bin/../lib/gcc/arm-none-eabi/7.3.1/thumb/v7e-m/fpv4-sp/hard/libgcc.a(_arm_truncdfsf2.o)
                0x0000000008000b00                __aeabi_d2f
                0x0000000008000b00                __truncdfsf2
 .text          0x0000000008000ba0       0x30 /opt/st/stm32cubeide_1.2.0/plugins/com.st.stm32cube.ide.mcu.externaltools.gnu-tools-for-stm32.7-2018-q2-update.linux64_1.0.0.201904181610/tools/bin/../lib/gcc/arm-none-eabi/7.3.1/thumb/v7e-m/fpv4-sp/hard/libgcc.a(_aeabi_uldivmod.o)
                0x0000000008000ba0                __aeabi_uldivmod
 .text          0x0000000008000bd0      0x2cc /opt/st/stm32cubeide_1.2.0/plugins/com.st.stm32cube.ide.mcu.externaltools.gnu-tools-for-stm32.7-2018-q2-update.linux64_1.0.0.201904181610/tools/bin/../lib/gcc/arm-none-eabi/7.3.1/thumb/v7e-m/fpv4-sp/hard/libgcc.a(_udivmoddi4.o)
                0x0000000008000bd0                __udivmoddi4
 .text          0x0000000008000e9c        0x4 /opt/st/stm32cubeide_1.2.0/plugins/com.st.stm32cube.ide.mcu.externaltools.gnu-tools-for-stm32.7-2018-q2-update.linux64_1.0.0.201904181610/tools/bin/../lib/gcc/arm-none-eabi/7.3.1/thumb/v7e-m/fpv4-sp/hard/libgcc.a(_dvmd_tls.o)
                0x0000000008000e9c                __aeabi_ldiv0
                0x0000000008000e9c                __aeabi_idiv0
 *(.text*)
 .text.maxxoni_init
                0x0000000008000ea0       0x14 Core/Lib/moduli/maxxoni/maxxoni.o
                0x0000000008000ea0                maxxoni_init
 .text.mode_init
                0x0000000008000eb4      0x250 Core/Lib/moduli/maxxoni/maxxoni.o
 .text.pwm_tim2_init
                0x0000000008001104      0x1b4 Core/Lib/moduli/maxxoni/maxxoni.o
 .text.pwm_tim5_init
                0x00000000080012b8      0x184 Core/Lib/moduli/maxxoni/maxxoni.o
 .text.okretanje_m1
                0x000000000800143c       0x44 Core/Lib/moduli/maxxoni/maxxoni.o
                0x000000000800143c                okretanje_m1
 .text.okretanje_m2
                0x0000000008001480       0x44 Core/Lib/moduli/maxxoni/maxxoni.o
                0x0000000008001480                okretanje_m2
 .text.motor1_smer
                0x00000000080014c4       0x54 Core/Lib/moduli/maxxoni/maxxoni.o
                0x00000000080014c4                motor1_smer
 .text.motor2_smer
                0x0000000008001518       0x54 Core/Lib/moduli/maxxoni/maxxoni.o
                0x0000000008001518                motor2_smer
 *fill*         0x000000000800156c        0x4 
 .text.odometrija_init
                0x0000000008001570       0xcc Core/Lib/moduli/odometrija/odometrija.o
                0x0000000008001570                odometrija_init
 .text.odometrija_stanje
                0x000000000800163c      0x1ac Core/Lib/moduli/odometrija/odometrija.o
                0x000000000800163c                odometrija_stanje
 .text.pid_init
                0x00000000080017e8       0xa8 Core/Lib/moduli/pid/pid.o
                0x00000000080017e8                pid_init
 .text.regulacija
                0x0000000008001890     0x128c Core/Lib/moduli/pid/pid.o
                0x0000000008001890                regulacija
 .text.sick_init
                0x0000000008002b1c      0x274 Core/Lib/moduli/sick/sick.o
                0x0000000008002b1c                sick_init
 .text.sickLF   0x0000000008002d90       0x34 Core/Lib/moduli/sick/sick.o
                0x0000000008002d90                sickLF
 .text.sickMID  0x0000000008002dc4       0x34 Core/Lib/moduli/sick/sick.o
                0x0000000008002dc4                sickMID
 .text.sickRF   0x0000000008002df8       0x34 Core/Lib/moduli/sick/sick.o
                0x0000000008002df8                sickRF
 .text.sickLB   0x0000000008002e2c       0x34 Core/Lib/moduli/sick/sick.o
                0x0000000008002e2c                sickLB
 .text.sickRB   0x0000000008002e60       0x34 Core/Lib/moduli/sick/sick.o
                0x0000000008002e60                sickRB
 .text.step_init
                0x0000000008002e94      0x13c Core/Lib/moduli/step/step.o
                0x0000000008002e94                step_init
 .text.enkoder_init
                0x0000000008002fd0       0x10 Core/Lib/periferije/enkoder/enkoder.o
                0x0000000008002fd0                enkoder_init
 .text.init_tim3
                0x0000000008002fe0      0x1ec Core/Lib/periferije/enkoder/enkoder.o
 .text.enkoder_brzina
                0x00000000080031cc       0x2c Core/Lib/periferije/enkoder/enkoder.o
                0x00000000080031cc                enkoder_brzina
 .text.init_tim4
                0x00000000080031f8      0x1f8 Core/Lib/periferije/enkoder/enkoder.o
 .text.enkoder_brzina2
                0x00000000080033f0       0x2c Core/Lib/periferije/enkoder/enkoder.o
                0x00000000080033f0                enkoder_brzina2
 .text.gpio_init
                0x000000000800341c       0x10 Core/Lib/periferije/gpio/gpio.o
                0x000000000800341c                gpio_init
 .text.init_port_a
                0x000000000800342c       0x88 Core/Lib/periferije/gpio/gpio.o
 .text.init_port_c
                0x00000000080034b4       0xbc Core/Lib/periferije/gpio/gpio.o
 .text.tajmer_init
                0x0000000008003570       0x10 Core/Lib/periferije/tajmer/tajmer.o
                0x0000000008003570                tajmer_init
 .text.init_tim10
                0x0000000008003580       0xc8 Core/Lib/periferije/tajmer/tajmer.o
 .text.init_tim11
                0x0000000008003648       0xc8 Core/Lib/periferije/tajmer/tajmer.o
 .text.TIM1_BRK_TIM9_IRQHandler
                0x0000000008003710       0x38 Core/Lib/periferije/tajmer/tajmer.o
                0x0000000008003710                TIM1_BRK_TIM9_IRQHandler
 .text.TIM1_UP_TIM10_IRQHandler
                0x0000000008003748       0x3c Core/Lib/periferije/tajmer/tajmer.o
                0x0000000008003748                TIM1_UP_TIM10_IRQHandler
 .text.uart_init
                0x0000000008003784        0xc Core/Lib/periferije/uart/uart.o
                0x0000000008003784                uart_init
 .text.init_usart6
                0x0000000008003790      0x1e8 Core/Lib/periferije/uart/uart.o
 .text.USART6_IRQHandler
                0x0000000008003978       0x28 Core/Lib/periferije/uart/uart.o
                0x0000000008003978                USART6_IRQHandler
 .text.upis_u_bafer6
                0x00000000080039a0       0xd4 Core/Lib/periferije/uart/uart.o
 .text.parseBafer
                0x0000000008003a74      0x498 Core/Lib/periferije/uart/uart.o
 .text.main     0x0000000008003f0c       0x88 Core/Src/main.o
                0x0000000008003f0c                main
 .text.SystemClock_Config
                0x0000000008003f94       0xd4 Core/Src/main.o
                0x0000000008003f94                SystemClock_Config
 .text.MX_GPIO_Init
                0x0000000008004068       0x50 Core/Src/main.o
 .text.Error_Handler
                0x00000000080040b8        0xe Core/Src/main.o
                0x00000000080040b8                Error_Handler
 *fill*         0x00000000080040c6        0x2 
 .text.HAL_MspInit
                0x00000000080040c8       0x50 Core/Src/stm32f4xx_hal_msp.o
                0x00000000080040c8                HAL_MspInit
 .text.NMI_Handler
                0x0000000008004118        0xe Core/Src/stm32f4xx_it.o
                0x0000000008004118                NMI_Handler
 .text.HardFault_Handler
                0x0000000008004126        0x6 Core/Src/stm32f4xx_it.o
                0x0000000008004126                HardFault_Handler
 .text.MemManage_Handler
                0x000000000800412c        0x6 Core/Src/stm32f4xx_it.o
                0x000000000800412c                MemManage_Handler
 .text.BusFault_Handler
                0x0000000008004132        0x6 Core/Src/stm32f4xx_it.o
                0x0000000008004132                BusFault_Handler
 .text.UsageFault_Handler
                0x0000000008004138        0x6 Core/Src/stm32f4xx_it.o
                0x0000000008004138                UsageFault_Handler
 .text.SVC_Handler
                0x000000000800413e        0xe Core/Src/stm32f4xx_it.o
                0x000000000800413e                SVC_Handler
 .text.DebugMon_Handler
                0x000000000800414c        0xe Core/Src/stm32f4xx_it.o
                0x000000000800414c                DebugMon_Handler
 .text.PendSV_Handler
                0x000000000800415a        0xe Core/Src/stm32f4xx_it.o
                0x000000000800415a                PendSV_Handler
 .text.SysTick_Handler
                0x0000000008004168        0xc Core/Src/stm32f4xx_it.o
                0x0000000008004168                SysTick_Handler
 .text.SystemInit
                0x0000000008004174       0x2c Core/Src/system_stm32f4xx.o
                0x0000000008004174                SystemInit
 .text.Reset_Handler
                0x00000000080041a0       0x50 Core/Startup/startup_stm32f401retx.o
                0x00000000080041a0                Reset_Handler
 .text.Default_Handler
                0x00000000080041f0        0x2 Core/Startup/startup_stm32f401retx.o
                0x00000000080041f0                RTC_Alarm_IRQHandler
                0x00000000080041f0                EXTI2_IRQHandler
                0x00000000080041f0                SPI4_IRQHandler
                0x00000000080041f0                TIM1_CC_IRQHandler
                0x00000000080041f0                DMA2_Stream5_IRQHandler
                0x00000000080041f0                DMA1_Stream5_IRQHandler
                0x00000000080041f0                PVD_IRQHandler
                0x00000000080041f0                SDIO_IRQHandler
                0x00000000080041f0                TAMP_STAMP_IRQHandler
                0x00000000080041f0                EXTI3_IRQHandler
                0x00000000080041f0                I2C3_ER_IRQHandler
                0x00000000080041f0                EXTI0_IRQHandler
                0x00000000080041f0                I2C2_EV_IRQHandler
                0x00000000080041f0                DMA1_Stream2_IRQHandler
                0x00000000080041f0                FPU_IRQHandler
                0x00000000080041f0                DMA2_Stream2_IRQHandler
                0x00000000080041f0                SPI1_IRQHandler
                0x00000000080041f0                DMA2_Stream3_IRQHandler
                0x00000000080041f0                DMA2_Stream0_IRQHandler
                0x00000000080041f0                TIM4_IRQHandler
                0x00000000080041f0                I2C1_EV_IRQHandler
                0x00000000080041f0                DMA1_Stream6_IRQHandler
                0x00000000080041f0                DMA1_Stream1_IRQHandler
                0x00000000080041f0                TIM3_IRQHandler
                0x00000000080041f0                RCC_IRQHandler
                0x00000000080041f0                Default_Handler
                0x00000000080041f0                EXTI15_10_IRQHandler
                0x00000000080041f0                ADC_IRQHandler
                0x00000000080041f0                DMA1_Stream7_IRQHandler
                0x00000000080041f0                TIM5_IRQHandler
                0x00000000080041f0                DMA2_Stream7_IRQHandler
                0x00000000080041f0                I2C3_EV_IRQHandler
                0x00000000080041f0                EXTI9_5_IRQHandler
                0x00000000080041f0                RTC_WKUP_IRQHandler
                0x00000000080041f0                SPI2_IRQHandler
                0x00000000080041f0                DMA1_Stream0_IRQHandler
                0x00000000080041f0                EXTI4_IRQHandler
                0x00000000080041f0                WWDG_IRQHandler
                0x00000000080041f0                TIM2_IRQHandler
                0x00000000080041f0                OTG_FS_WKUP_IRQHandler
                0x00000000080041f0                TIM1_TRG_COM_TIM11_IRQHandler
                0x00000000080041f0                EXTI1_IRQHandler
                0x00000000080041f0                USART2_IRQHandler
                0x00000000080041f0                I2C2_ER_IRQHandler
                0x00000000080041f0                DMA2_Stream1_IRQHandler
                0x00000000080041f0                FLASH_IRQHandler
                0x00000000080041f0                DMA2_Stream4_IRQHandler
                0x00000000080041f0                USART1_IRQHandler
                0x00000000080041f0                OTG_FS_IRQHandler
                0x00000000080041f0                SPI3_IRQHandler
                0x00000000080041f0                DMA1_Stream4_IRQHandler
                0x00000000080041f0                I2C1_ER_IRQHandler
                0x00000000080041f0                DMA2_Stream6_IRQHandler
                0x00000000080041f0                DMA1_Stream3_IRQHandler
 *fill*         0x00000000080041f2        0x2 
 .text.HAL_Init
                0x00000000080041f4       0x44 Drivers/STM32F4xx_HAL_Driver/Src/stm32f4xx_hal.o
                0x00000000080041f4                HAL_Init
 .text.HAL_InitTick
                0x0000000008004238       0x60 Drivers/STM32F4xx_HAL_Driver/Src/stm32f4xx_hal.o
                0x0000000008004238                HAL_InitTick
 .text.HAL_IncTick
                0x0000000008004298       0x28 Drivers/STM32F4xx_HAL_Driver/Src/stm32f4xx_hal.o
                0x0000000008004298                HAL_IncTick
 .text.HAL_GetTick
                0x00000000080042c0       0x18 Drivers/STM32F4xx_HAL_Driver/Src/stm32f4xx_hal.o
                0x00000000080042c0                HAL_GetTick
 .text.__NVIC_SetPriorityGrouping
                0x00000000080042d8       0x48 Drivers/STM32F4xx_HAL_Driver/Src/stm32f4xx_hal_cortex.o
 .text.__NVIC_GetPriorityGrouping
                0x0000000008004320       0x1c Drivers/STM32F4xx_HAL_Driver/Src/stm32f4xx_hal_cortex.o
 .text.__NVIC_SetPriority
                0x000000000800433c       0x54 Drivers/STM32F4xx_HAL_Driver/Src/stm32f4xx_hal_cortex.o
 .text.NVIC_EncodePriority
                0x0000000008004390       0x66 Drivers/STM32F4xx_HAL_Driver/Src/stm32f4xx_hal_cortex.o
 *fill*         0x00000000080043f6        0x2 
 .text.SysTick_Config
                0x00000000080043f8       0x44 Drivers/STM32F4xx_HAL_Driver/Src/stm32f4xx_hal_cortex.o
 .text.HAL_NVIC_SetPriorityGrouping
                0x000000000800443c       0x16 Drivers/STM32F4xx_HAL_Driver/Src/stm32f4xx_hal_cortex.o
                0x000000000800443c                HAL_NVIC_SetPriorityGrouping
 .text.HAL_NVIC_SetPriority
                0x0000000008004452       0x38 Drivers/STM32F4xx_HAL_Driver/Src/stm32f4xx_hal_cortex.o
                0x0000000008004452                HAL_NVIC_SetPriority
 .text.HAL_SYSTICK_Config
                0x000000000800448a       0x18 Drivers/STM32F4xx_HAL_Driver/Src/stm32f4xx_hal_cortex.o
                0x000000000800448a                HAL_SYSTICK_Config
 *fill*         0x00000000080044a2        0x2 
 .text.HAL_RCC_OscConfig
                0x00000000080044a4      0x4e0 Drivers/STM32F4xx_HAL_Driver/Src/stm32f4xx_hal_rcc.o
                0x00000000080044a4                HAL_RCC_OscConfig
 .text.HAL_RCC_ClockConfig
                0x0000000008004984      0x1cc Drivers/STM32F4xx_HAL_Driver/Src/stm32f4xx_hal_rcc.o
                0x0000000008004984                HAL_RCC_ClockConfig
 .text.HAL_RCC_GetSysClockFreq
                0x0000000008004b50      0x164 Drivers/STM32F4xx_HAL_Driver/Src/stm32f4xx_hal_rcc.o
                0x0000000008004b50                HAL_RCC_GetSysClockFreq
 .text.__errno  0x0000000008004cb4        0xc /opt/st/stm32cubeide_1.2.0/plugins/com.st.stm32cube.ide.mcu.externaltools.gnu-tools-for-stm32.7-2018-q2-update.linux64_1.0.0.201904181610/tools/bin/../lib/gcc/arm-none-eabi/7.3.1/../../../../arm-none-eabi/lib/thumb/v7e-m/fpv4-sp/hard/libc_nano.a(lib_a-errno.o)
                0x0000000008004cb4                __errno
 .text.__libc_init_array
                0x0000000008004cc0       0x48 /opt/st/stm32cubeide_1.2.0/plugins/com.st.stm32cube.ide.mcu.externaltools.gnu-tools-for-stm32.7-2018-q2-update.linux64_1.0.0.201904181610/tools/bin/../lib/gcc/arm-none-eabi/7.3.1/../../../../arm-none-eabi/lib/thumb/v7e-m/fpv4-sp/hard/libc_nano.a(lib_a-init.o)
                0x0000000008004cc0                __libc_init_array
 .text.memset   0x0000000008004d08       0x10 /opt/st/stm32cubeide_1.2.0/plugins/com.st.stm32cube.ide.mcu.externaltools.gnu-tools-for-stm32.7-2018-q2-update.linux64_1.0.0.201904181610/tools/bin/../lib/gcc/arm-none-eabi/7.3.1/../../../../arm-none-eabi/lib/thumb/v7e-m/fpv4-sp/hard/libc_nano.a(lib_a-memset.o)
                0x0000000008004d08                memset
 .text.cos      0x0000000008004d18       0x88 /opt/st/stm32cubeide_1.2.0/plugins/com.st.stm32cube.ide.mcu.externaltools.gnu-tools-for-stm32.7-2018-q2-update.linux64_1.0.0.201904181610/tools/bin/../lib/gcc/arm-none-eabi/7.3.1/../../../../arm-none-eabi/lib/thumb/v7e-m/fpv4-sp/hard/libm.a(lib_a-s_cos.o)
                0x0000000008004d18                cos
 .text.sin      0x0000000008004da0       0x90 /opt/st/stm32cubeide_1.2.0/plugins/com.st.stm32cube.ide.mcu.externaltools.gnu-tools-for-stm32.7-2018-q2-update.linux64_1.0.0.201904181610/tools/bin/../lib/gcc/arm-none-eabi/7.3.1/../../../../arm-none-eabi/lib/thumb/v7e-m/fpv4-sp/hard/libm.a(lib_a-s_sin.o)
                0x0000000008004da0                sin
 .text.cosf     0x0000000008004e30       0x80 /opt/st/stm32cubeide_1.2.0/plugins/com.st.stm32cube.ide.mcu.externaltools.gnu-tools-for-stm32.7-2018-q2-update.linux64_1.0.0.201904181610/tools/bin/../lib/gcc/arm-none-eabi/7.3.1/../../../../arm-none-eabi/lib/thumb/v7e-m/fpv4-sp/hard/libm.a(lib_a-sf_cos.o)
                0x0000000008004e30                cosf
 .text.sinf     0x0000000008004eb0       0x84 /opt/st/stm32cubeide_1.2.0/plugins/com.st.stm32cube.ide.mcu.externaltools.gnu-tools-for-stm32.7-2018-q2-update.linux64_1.0.0.201904181610/tools/bin/../lib/gcc/arm-none-eabi/7.3.1/../../../../arm-none-eabi/lib/thumb/v7e-m/fpv4-sp/hard/libm.a(lib_a-sf_sin.o)
                0x0000000008004eb0                sinf
 .text.sqrt     0x0000000008004f34       0xb4 /opt/st/stm32cubeide_1.2.0/plugins/com.st.stm32cube.ide.mcu.externaltools.gnu-tools-for-stm32.7-2018-q2-update.linux64_1.0.0.201904181610/tools/bin/../lib/gcc/arm-none-eabi/7.3.1/../../../../arm-none-eabi/lib/thumb/v7e-m/fpv4-sp/hard/libm.a(lib_a-w_sqrt.o)
                0x0000000008004f34                sqrt
 .text.atan2f   0x0000000008004fe8        0x4 /opt/st/stm32cubeide_1.2.0/plugins/com.st.stm32cube.ide.mcu.externaltools.gnu-tools-for-stm32.7-2018-q2-update.linux64_1.0.0.201904181610/tools/bin/../lib/gcc/arm-none-eabi/7.3.1/../../../../arm-none-eabi/lib/thumb/v7e-m/fpv4-sp/hard/libm.a(lib_a-wf_atan2.o)
                0x0000000008004fe8                atan2f
 *fill*         0x0000000008004fec        0x4 
 .text.__ieee754_rem_pio2
                0x0000000008004ff0      0x3e4 /opt/st/stm32cubeide_1.2.0/plugins/com.st.stm32cube.ide.mcu.externaltools.gnu-tools-for-stm32.7-2018-q2-update.linux64_1.0.0.201904181610/tools/bin/../lib/gcc/arm-none-eabi/7.3.1/../../../../arm-none-eabi/lib/thumb/v7e-m/fpv4-sp/hard/libm.a(lib_a-e_rem_pio2.o)
                0x0000000008004ff0                __ieee754_rem_pio2
 .text.__ieee754_sqrt
                0x00000000080053d4      0x160 /opt/st/stm32cubeide_1.2.0/plugins/com.st.stm32cube.ide.mcu.externaltools.gnu-tools-for-stm32.7-2018-q2-update.linux64_1.0.0.201904181610/tools/bin/../lib/gcc/arm-none-eabi/7.3.1/../../../../arm-none-eabi/lib/thumb/v7e-m/fpv4-sp/hard/libm.a(lib_a-e_sqrt.o)
                0x00000000080053d4                __ieee754_sqrt
 .text.__ieee754_atan2f
                0x0000000008005534      0x15c /opt/st/stm32cubeide_1.2.0/plugins/com.st.stm32cube.ide.mcu.externaltools.gnu-tools-for-stm32.7-2018-q2-update.linux64_1.0.0.201904181610/tools/bin/../lib/gcc/arm-none-eabi/7.3.1/../../../../arm-none-eabi/lib/thumb/v7e-m/fpv4-sp/hard/libm.a(lib_a-ef_atan2.o)
                0x0000000008005534                __ieee754_atan2f
 .text.__ieee754_rem_pio2f
                0x0000000008005690      0x258 /opt/st/stm32cubeide_1.2.0/plugins/com.st.stm32cube.ide.mcu.externaltools.gnu-tools-for-stm32.7-2018-q2-update.linux64_1.0.0.201904181610/tools/bin/../lib/gcc/arm-none-eabi/7.3.1/../../../../arm-none-eabi/lib/thumb/v7e-m/fpv4-sp/hard/libm.a(lib_a-ef_rem_pio2.o)
                0x0000000008005690                __ieee754_rem_pio2f
 .text.__kernel_cos
                0x00000000080058e8      0x18c /opt/st/stm32cubeide_1.2.0/plugins/com.st.stm32cube.ide.mcu.externaltools.gnu-tools-for-stm32.7-2018-q2-update.linux64_1.0.0.201904181610/tools/bin/../lib/gcc/arm-none-eabi/7.3.1/../../../../arm-none-eabi/lib/thumb/v7e-m/fpv4-sp/hard/libm.a(lib_a-k_cos.o)
                0x00000000080058e8                __kernel_cos
 *fill*         0x0000000008005a74        0x4 
 .text.__kernel_rem_pio2
                0x0000000008005a78      0x680 /opt/st/stm32cubeide_1.2.0/plugins/com.st.stm32cube.ide.mcu.externaltools.gnu-tools-for-stm32.7-2018-q2-update.linux64_1.0.0.201904181610/tools/bin/../lib/gcc/arm-none-eabi/7.3.1/../../../../arm-none-eabi/lib/thumb/v7e-m/fpv4-sp/hard/libm.a(lib_a-k_rem_pio2.o)
                0x0000000008005a78                __kernel_rem_pio2
 .text.__kernel_sin
                0x00000000080060f8      0x174 /opt/st/stm32cubeide_1.2.0/plugins/com.st.stm32cube.ide.mcu.externaltools.gnu-tools-for-stm32.7-2018-q2-update.linux64_1.0.0.201904181610/tools/bin/../lib/gcc/arm-none-eabi/7.3.1/../../../../arm-none-eabi/lib/thumb/v7e-m/fpv4-sp/hard/libm.a(lib_a-k_sin.o)
                0x00000000080060f8                __kernel_sin
 .text.__kernel_cosf
                0x000000000800626c       0xbc /opt/st/stm32cubeide_1.2.0/plugins/com.st.stm32cube.ide.mcu.externaltools.gnu-tools-for-stm32.7-2018-q2-update.linux64_1.0.0.201904181610/tools/bin/../lib/gcc/arm-none-eabi/7.3.1/../../../../arm-none-eabi/lib/thumb/v7e-m/fpv4-sp/hard/libm.a(lib_a-kf_cos.o)
                0x000000000800626c                __kernel_cosf
 .text.__kernel_rem_pio2f
                0x0000000008006328      0x504 /opt/st/stm32cubeide_1.2.0/plugins/com.st.stm32cube.ide.mcu.externaltools.gnu-tools-for-stm32.7-2018-q2-update.linux64_1.0.0.201904181610/tools/bin/../lib/gcc/arm-none-eabi/7.3.1/../../../../arm-none-eabi/lib/thumb/v7e-m/fpv4-sp/hard/libm.a(lib_a-kf_rem_pio2.o)
                0x0000000008006328                __kernel_rem_pio2f
 .text.__kernel_sinf
                0x000000000800682c       0x90 /opt/st/stm32cubeide_1.2.0/plugins/com.st.stm32cube.ide.mcu.externaltools.gnu-tools-for-stm32.7-2018-q2-update.linux64_1.0.0.201904181610/tools/bin/../lib/gcc/arm-none-eabi/7.3.1/../../../../arm-none-eabi/lib/thumb/v7e-m/fpv4-sp/hard/libm.a(lib_a-kf_sin.o)
                0x000000000800682c                __kernel_sinf
 .text.fabs     0x00000000080068bc       0x12 /opt/st/stm32cubeide_1.2.0/plugins/com.st.stm32cube.ide.mcu.externaltools.gnu-tools-for-stm32.7-2018-q2-update.linux64_1.0.0.201904181610/tools/bin/../lib/gcc/arm-none-eabi/7.3.1/../../../../arm-none-eabi/lib/thumb/v7e-m/fpv4-sp/hard/libm.a(lib_a-s_fabs.o)
                0x00000000080068bc                fabs
 *fill*         0x00000000080068ce        0x2 
 .text.floor    0x00000000080068d0      0x108 /opt/st/stm32cubeide_1.2.0/plugins/com.st.stm32cube.ide.mcu.externaltools.gnu-tools-for-stm32.7-2018-q2-update.linux64_1.0.0.201904181610/tools/bin/../lib/gcc/arm-none-eabi/7.3.1/../../../../arm-none-eabi/lib/thumb/v7e-m/fpv4-sp/hard/libm.a(lib_a-s_floor.o)
                0x00000000080068d0                floor
 .text.matherr  0x00000000080069d8        0x4 /opt/st/stm32cubeide_1.2.0/plugins/com.st.stm32cube.ide.mcu.externaltools.gnu-tools-for-stm32.7-2018-q2-update.linux64_1.0.0.201904181610/tools/bin/../lib/gcc/arm-none-eabi/7.3.1/../../../../arm-none-eabi/lib/thumb/v7e-m/fpv4-sp/hard/libm.a(lib_a-s_matherr.o)
                0x00000000080069d8                matherr
 *fill*         0x00000000080069dc        0x4 
 .text.scalbn   0x00000000080069e0       0xec /opt/st/stm32cubeide_1.2.0/plugins/com.st.stm32cube.ide.mcu.externaltools.gnu-tools-for-stm32.7-2018-q2-update.linux64_1.0.0.201904181610/tools/bin/../lib/gcc/arm-none-eabi/7.3.1/../../../../arm-none-eabi/lib/thumb/v7e-m/fpv4-sp/hard/libm.a(lib_a-s_scalbn.o)
                0x00000000080069e0                scalbn
 .text.atanf    0x0000000008006acc      0x1a8 /opt/st/stm32cubeide_1.2.0/plugins/com.st.stm32cube.ide.mcu.externaltools.gnu-tools-for-stm32.7-2018-q2-update.linux64_1.0.0.201904181610/tools/bin/../lib/gcc/arm-none-eabi/7.3.1/../../../../arm-none-eabi/lib/thumb/v7e-m/fpv4-sp/hard/libm.a(lib_a-sf_atan.o)
                0x0000000008006acc                atanf
 .text.fabsf    0x0000000008006c74        0xe /opt/st/stm32cubeide_1.2.0/plugins/com.st.stm32cube.ide.mcu.externaltools.gnu-tools-for-stm32.7-2018-q2-update.linux64_1.0.0.201904181610/tools/bin/../lib/gcc/arm-none-eabi/7.3.1/../../../../arm-none-eabi/lib/thumb/v7e-m/fpv4-sp/hard/libm.a(lib_a-sf_fabs.o)
                0x0000000008006c74                fabsf
 *fill*         0x0000000008006c82        0x2 
 .text.floorf   0x0000000008006c84       0x84 /opt/st/stm32cubeide_1.2.0/plugins/com.st.stm32cube.ide.mcu.externaltools.gnu-tools-for-stm32.7-2018-q2-update.linux64_1.0.0.201904181610/tools/bin/../lib/gcc/arm-none-eabi/7.3.1/../../../../arm-none-eabi/lib/thumb/v7e-m/fpv4-sp/hard/libm.a(lib_a-sf_floor.o)
                0x0000000008006c84                floorf
 .text.scalbnf  0x0000000008006d08       0xc0 /opt/st/stm32cubeide_1.2.0/plugins/com.st.stm32cube.ide.mcu.externaltools.gnu-tools-for-stm32.7-2018-q2-update.linux64_1.0.0.201904181610/tools/bin/../lib/gcc/arm-none-eabi/7.3.1/../../../../arm-none-eabi/lib/thumb/v7e-m/fpv4-sp/hard/libm.a(lib_a-sf_scalbn.o)
                0x0000000008006d08                scalbnf
 .text.copysign
                0x0000000008006dc8       0x1e /opt/st/stm32cubeide_1.2.0/plugins/com.st.stm32cube.ide.mcu.externaltools.gnu-tools-for-stm32.7-2018-q2-update.linux64_1.0.0.201904181610/tools/bin/../lib/gcc/arm-none-eabi/7.3.1/../../../../arm-none-eabi/lib/thumb/v7e-m/fpv4-sp/hard/libm.a(lib_a-s_copysign.o)
                0x0000000008006dc8                copysign
 .text.copysignf
                0x0000000008006de6       0x18 /opt/st/stm32cubeide_1.2.0/plugins/com.st.stm32cube.ide.mcu.externaltools.gnu-tools-for-stm32.7-2018-q2-update.linux64_1.0.0.201904181610/tools/bin/../lib/gcc/arm-none-eabi/7.3.1/../../../../arm-none-eabi/lib/thumb/v7e-m/fpv4-sp/hard/libm.a(lib_a-sf_copysign.o)
                0x0000000008006de6                copysignf
 *(.glue_7)
 .glue_7        0x0000000008006dfe        0x0 linker stubs
 *(.glue_7t)
 .glue_7t       0x0000000008006dfe        0x0 linker stubs
 *(.eh_frame)
 *fill*         0x0000000008006dfe        0x2 
 .eh_frame      0x0000000008006e00        0x0 /opt/st/stm32cubeide_1.2.0/plugins/com.st.stm32cube.ide.mcu.externaltools.gnu-tools-for-stm32.7-2018-q2-update.linux64_1.0.0.201904181610/tools/bin/../lib/gcc/arm-none-eabi/7.3.1/thumb/v7e-m/fpv4-sp/hard/crtbegin.o
 *(.init)
 .init          0x0000000008006e00        0x4 /opt/st/stm32cubeide_1.2.0/plugins/com.st.stm32cube.ide.mcu.externaltools.gnu-tools-for-stm32.7-2018-q2-update.linux64_1.0.0.201904181610/tools/bin/../lib/gcc/arm-none-eabi/7.3.1/thumb/v7e-m/fpv4-sp/hard/crti.o
                0x0000000008006e00                _init
 .init          0x0000000008006e04        0x8 /opt/st/stm32cubeide_1.2.0/plugins/com.st.stm32cube.ide.mcu.externaltools.gnu-tools-for-stm32.7-2018-q2-update.linux64_1.0.0.201904181610/tools/bin/../lib/gcc/arm-none-eabi/7.3.1/thumb/v7e-m/fpv4-sp/hard/crtn.o
 *(.fini)
 .fini          0x0000000008006e0c        0x4 /opt/st/stm32cubeide_1.2.0/plugins/com.st.stm32cube.ide.mcu.externaltools.gnu-tools-for-stm32.7-2018-q2-update.linux64_1.0.0.201904181610/tools/bin/../lib/gcc/arm-none-eabi/7.3.1/thumb/v7e-m/fpv4-sp/hard/crti.o
                0x0000000008006e0c                _fini
 .fini          0x0000000008006e10        0x8 /opt/st/stm32cubeide_1.2.0/plugins/com.st.stm32cube.ide.mcu.externaltools.gnu-tools-for-stm32.7-2018-q2-update.linux64_1.0.0.201904181610/tools/bin/../lib/gcc/arm-none-eabi/7.3.1/thumb/v7e-m/fpv4-sp/hard/crtn.o
                0x0000000008006e18                . = ALIGN (0x4)
                0x0000000008006e18                _etext = .

.vfp11_veneer   0x0000000008006e18        0x0
 .vfp11_veneer  0x0000000008006e18        0x0 linker stubs

.v4_bx          0x0000000008006e18        0x0
 .v4_bx         0x0000000008006e18        0x0 linker stubs

.iplt           0x0000000008006e18        0x0
 .iplt          0x0000000008006e18        0x0 /opt/st/stm32cubeide_1.2.0/plugins/com.st.stm32cube.ide.mcu.externaltools.gnu-tools-for-stm32.7-2018-q2-update.linux64_1.0.0.201904181610/tools/bin/../lib/gcc/arm-none-eabi/7.3.1/thumb/v7e-m/fpv4-sp/hard/crtbegin.o

.rodata         0x0000000008006e18      0x5e0
                0x0000000008006e18                . = ALIGN (0x4)
 *(.rodata)
 *(.rodata*)
 .rodata.AHBPrescTable
                0x0000000008006e18       0x10 Core/Src/system_stm32f4xx.o
                0x0000000008006e18                AHBPrescTable
 .rodata.sqrt.str1.1
                0x0000000008006e28        0x5 /opt/st/stm32cubeide_1.2.0/plugins/com.st.stm32cube.ide.mcu.externaltools.gnu-tools-for-stm32.7-2018-q2-update.linux64_1.0.0.201904181610/tools/bin/../lib/gcc/arm-none-eabi/7.3.1/../../../../arm-none-eabi/lib/thumb/v7e-m/fpv4-sp/hard/libm.a(lib_a-w_sqrt.o)
 *fill*         0x0000000008006e2d        0x3 
 .rodata.npio2_hw
                0x0000000008006e30       0x80 /opt/st/stm32cubeide_1.2.0/plugins/com.st.stm32cube.ide.mcu.externaltools.gnu-tools-for-stm32.7-2018-q2-update.linux64_1.0.0.201904181610/tools/bin/../lib/gcc/arm-none-eabi/7.3.1/../../../../arm-none-eabi/lib/thumb/v7e-m/fpv4-sp/hard/libm.a(lib_a-e_rem_pio2.o)
 .rodata.two_over_pi
                0x0000000008006eb0      0x108 /opt/st/stm32cubeide_1.2.0/plugins/com.st.stm32cube.ide.mcu.externaltools.gnu-tools-for-stm32.7-2018-q2-update.linux64_1.0.0.201904181610/tools/bin/../lib/gcc/arm-none-eabi/7.3.1/../../../../arm-none-eabi/lib/thumb/v7e-m/fpv4-sp/hard/libm.a(lib_a-e_rem_pio2.o)
 .rodata.npio2_hw
                0x0000000008006fb8       0x80 /opt/st/stm32cubeide_1.2.0/plugins/com.st.stm32cube.ide.mcu.externaltools.gnu-tools-for-stm32.7-2018-q2-update.linux64_1.0.0.201904181610/tools/bin/../lib/gcc/arm-none-eabi/7.3.1/../../../../arm-none-eabi/lib/thumb/v7e-m/fpv4-sp/hard/libm.a(lib_a-ef_rem_pio2.o)
 .rodata.two_over_pi
                0x0000000008007038      0x318 /opt/st/stm32cubeide_1.2.0/plugins/com.st.stm32cube.ide.mcu.externaltools.gnu-tools-for-stm32.7-2018-q2-update.linux64_1.0.0.201904181610/tools/bin/../lib/gcc/arm-none-eabi/7.3.1/../../../../arm-none-eabi/lib/thumb/v7e-m/fpv4-sp/hard/libm.a(lib_a-ef_rem_pio2.o)
 .rodata.PIo2   0x0000000008007350       0x40 /opt/st/stm32cubeide_1.2.0/plugins/com.st.stm32cube.ide.mcu.externaltools.gnu-tools-for-stm32.7-2018-q2-update.linux64_1.0.0.201904181610/tools/bin/../lib/gcc/arm-none-eabi/7.3.1/../../../../arm-none-eabi/lib/thumb/v7e-m/fpv4-sp/hard/libm.a(lib_a-k_rem_pio2.o)
 .rodata.init_jk
                0x0000000008007390       0x10 /opt/st/stm32cubeide_1.2.0/plugins/com.st.stm32cube.ide.mcu.externaltools.gnu-tools-for-stm32.7-2018-q2-update.linux64_1.0.0.201904181610/tools/bin/../lib/gcc/arm-none-eabi/7.3.1/../../../../arm-none-eabi/lib/thumb/v7e-m/fpv4-sp/hard/libm.a(lib_a-k_rem_pio2.o)
 .rodata.PIo2   0x00000000080073a0       0x2c /opt/st/stm32cubeide_1.2.0/plugins/com.st.stm32cube.ide.mcu.externaltools.gnu-tools-for-stm32.7-2018-q2-update.linux64_1.0.0.201904181610/tools/bin/../lib/gcc/arm-none-eabi/7.3.1/../../../../arm-none-eabi/lib/thumb/v7e-m/fpv4-sp/hard/libm.a(lib_a-kf_rem_pio2.o)
 .rodata.init_jk
                0x00000000080073cc        0xc /opt/st/stm32cubeide_1.2.0/plugins/com.st.stm32cube.ide.mcu.externaltools.gnu-tools-for-stm32.7-2018-q2-update.linux64_1.0.0.201904181610/tools/bin/../lib/gcc/arm-none-eabi/7.3.1/../../../../arm-none-eabi/lib/thumb/v7e-m/fpv4-sp/hard/libm.a(lib_a-kf_rem_pio2.o)
 .rodata.atanhi
                0x00000000080073d8       0x10 /opt/st/stm32cubeide_1.2.0/plugins/com.st.stm32cube.ide.mcu.externaltools.gnu-tools-for-stm32.7-2018-q2-update.linux64_1.0.0.201904181610/tools/bin/../lib/gcc/arm-none-eabi/7.3.1/../../../../arm-none-eabi/lib/thumb/v7e-m/fpv4-sp/hard/libm.a(lib_a-sf_atan.o)
 .rodata.atanlo
                0x00000000080073e8       0x10 /opt/st/stm32cubeide_1.2.0/plugins/com.st.stm32cube.ide.mcu.externaltools.gnu-tools-for-stm32.7-2018-q2-update.linux64_1.0.0.201904181610/tools/bin/../lib/gcc/arm-none-eabi/7.3.1/../../../../arm-none-eabi/lib/thumb/v7e-m/fpv4-sp/hard/libm.a(lib_a-sf_atan.o)
                0x00000000080073f8                . = ALIGN (0x4)

.ARM.extab      0x00000000080073f8        0x0
                0x00000000080073f8                . = ALIGN (0x4)
 *(.ARM.extab* .gnu.linkonce.armextab.*)
                0x00000000080073f8                . = ALIGN (0x4)

.ARM            0x00000000080073f8        0x8
                0x00000000080073f8                . = ALIGN (0x4)
                0x00000000080073f8                __exidx_start = .
 *(.ARM.exidx*)
 .ARM.exidx     0x00000000080073f8        0x8 /opt/st/stm32cubeide_1.2.0/plugins/com.st.stm32cube.ide.mcu.externaltools.gnu-tools-for-stm32.7-2018-q2-update.linux64_1.0.0.201904181610/tools/bin/../lib/gcc/arm-none-eabi/7.3.1/thumb/v7e-m/fpv4-sp/hard/libgcc.a(_udivmoddi4.o)
                0x0000000008007400                __exidx_end = .
                0x0000000008007400                . = ALIGN (0x4)

.rel.dyn        0x0000000008007400        0x0
 .rel.iplt      0x0000000008007400        0x0 /opt/st/stm32cubeide_1.2.0/plugins/com.st.stm32cube.ide.mcu.externaltools.gnu-tools-for-stm32.7-2018-q2-update.linux64_1.0.0.201904181610/tools/bin/../lib/gcc/arm-none-eabi/7.3.1/thumb/v7e-m/fpv4-sp/hard/crtbegin.o

.preinit_array  0x0000000008007400        0x0
                0x0000000008007400                . = ALIGN (0x4)
                0x0000000008007400                PROVIDE (__preinit_array_start = .)
 *(.preinit_array*)
                0x0000000008007400                PROVIDE (__preinit_array_end = .)
                0x0000000008007400                . = ALIGN (0x4)

.init_array     0x0000000008007400        0x4
                0x0000000008007400                . = ALIGN (0x4)
                0x0000000008007400                PROVIDE (__init_array_start = .)
 *(SORT_BY_NAME(.init_array.*))
 *(.init_array*)
 .init_array    0x0000000008007400        0x4 /opt/st/stm32cubeide_1.2.0/plugins/com.st.stm32cube.ide.mcu.externaltools.gnu-tools-for-stm32.7-2018-q2-update.linux64_1.0.0.201904181610/tools/bin/../lib/gcc/arm-none-eabi/7.3.1/thumb/v7e-m/fpv4-sp/hard/crtbegin.o
                0x0000000008007404                PROVIDE (__init_array_end = .)
                0x0000000008007404                . = ALIGN (0x4)

.fini_array     0x0000000008007404        0x4
                0x0000000008007404                . = ALIGN (0x4)
                [!provide]                        PROVIDE (__fini_array_start = .)
 *(SORT_BY_NAME(.fini_array.*))
 *(.fini_array*)
 .fini_array    0x0000000008007404        0x4 /opt/st/stm32cubeide_1.2.0/plugins/com.st.stm32cube.ide.mcu.externaltools.gnu-tools-for-stm32.7-2018-q2-update.linux64_1.0.0.201904181610/tools/bin/../lib/gcc/arm-none-eabi/7.3.1/thumb/v7e-m/fpv4-sp/hard/crtbegin.o
                [!provide]                        PROVIDE (__fini_array_end = .)
                0x0000000008007408                . = ALIGN (0x4)
                0x0000000008007408                _sidata = LOADADDR (.data)

.data           0x0000000020000000       0x88 load address 0x0000000008007408
                0x0000000020000000                . = ALIGN (0x4)
                0x0000000020000000                _sdata = .
 *(.data)
 *(.data*)
 .data.napred   0x0000000020000000        0x1 Core/Lib/moduli/pid/pid.o
                0x0000000020000000                napred
 *fill*         0x0000000020000001        0x3 
 .data.d_e_min  0x0000000020000004        0x4 Core/Lib/moduli/pid/pid.o
 .data.smer     0x0000000020000008        0x4 Core/Lib/moduli/pid/pid.o
                0x0000000020000008                smer
 .data.acc      0x000000002000000c        0x4 Core/Lib/moduli/pid/pid.o
                0x000000002000000c                acc
 .data.korak.7270
                0x0000000020000010        0x1 Core/Lib/periferije/uart/uart.o
 *fill*         0x0000000020000011        0x3 
 .data.SystemCoreClock
                0x0000000020000014        0x4 Core/Src/system_stm32f4xx.o
                0x0000000020000014                SystemCoreClock
 .data.uwTickPrio
                0x0000000020000018        0x4 Drivers/STM32F4xx_HAL_Driver/Src/stm32f4xx_hal.o
                0x0000000020000018                uwTickPrio
 .data.uwTickFreq
                0x000000002000001c        0x1 Drivers/STM32F4xx_HAL_Driver/Src/stm32f4xx_hal.o
                0x000000002000001c                uwTickFreq
 *fill*         0x000000002000001d        0x3 
 .data._impure_ptr
                0x0000000020000020        0x4 /opt/st/stm32cubeide_1.2.0/plugins/com.st.stm32cube.ide.mcu.externaltools.gnu-tools-for-stm32.7-2018-q2-update.linux64_1.0.0.201904181610/tools/bin/../lib/gcc/arm-none-eabi/7.3.1/../../../../arm-none-eabi/lib/thumb/v7e-m/fpv4-sp/hard/libc_nano.a(lib_a-impure.o)
                0x0000000020000020                _impure_ptr
 .data.impure_data
                0x0000000020000024       0x60 /opt/st/stm32cubeide_1.2.0/plugins/com.st.stm32cube.ide.mcu.externaltools.gnu-tools-for-stm32.7-2018-q2-update.linux64_1.0.0.201904181610/tools/bin/../lib/gcc/arm-none-eabi/7.3.1/../../../../arm-none-eabi/lib/thumb/v7e-m/fpv4-sp/hard/libc_nano.a(lib_a-impure.o)
 .data.__fdlib_version
                0x0000000020000084        0x1 /opt/st/stm32cubeide_1.2.0/plugins/com.st.stm32cube.ide.mcu.externaltools.gnu-tools-for-stm32.7-2018-q2-update.linux64_1.0.0.201904181610/tools/bin/../lib/gcc/arm-none-eabi/7.3.1/../../../../arm-none-eabi/lib/thumb/v7e-m/fpv4-sp/hard/libm.a(lib_a-s_lib_ver.o)
                0x0000000020000084                __fdlib_version
                0x0000000020000088                . = ALIGN (0x4)
 *fill*         0x0000000020000085        0x3 
                0x0000000020000088                _edata = .

.igot.plt       0x0000000020000088        0x0 load address 0x0000000008007490
 .igot.plt      0x0000000020000088        0x0 /opt/st/stm32cubeide_1.2.0/plugins/com.st.stm32cube.ide.mcu.externaltools.gnu-tools-for-stm32.7-2018-q2-update.linux64_1.0.0.201904181610/tools/bin/../lib/gcc/arm-none-eabi/7.3.1/thumb/v7e-m/fpv4-sp/hard/crtbegin.o
                0x0000000020000088                . = ALIGN (0x4)

.bss            0x0000000020000088      0x118 load address 0x0000000008007490
                0x0000000020000088                _sbss = .
                0x0000000020000088                __bss_start__ = _sbss
 *(.bss)
 .bss           0x0000000020000088       0x1c /opt/st/stm32cubeide_1.2.0/plugins/com.st.stm32cube.ide.mcu.externaltools.gnu-tools-for-stm32.7-2018-q2-update.linux64_1.0.0.201904181610/tools/bin/../lib/gcc/arm-none-eabi/7.3.1/thumb/v7e-m/fpv4-sp/hard/crtbegin.o
 *(.bss*)
 .bss.d         0x00000000200000a4        0x4 Core/Lib/moduli/odometrija/odometrija.o
 .bss.precnik_ot
                0x00000000200000a8        0x4 Core/Lib/moduli/odometrija/odometrija.o
 .bss.inc2mm    0x00000000200000ac        0x4 Core/Lib/moduli/odometrija/odometrija.o
 .bss.nazad     0x00000000200000b0        0x1 Core/Lib/moduli/pid/pid.o
                0x00000000200000b0                nazad
 *fill*         0x00000000200000b1        0x3 
 .bss.Kpd       0x00000000200000b4        0x4 Core/Lib/moduli/pid/pid.o
 .bss.Kid       0x00000000200000b8        0x4 Core/Lib/moduli/pid/pid.o
 .bss.Kdd       0x00000000200000bc        0x4 Core/Lib/moduli/pid/pid.o
 .bss.Kp_teta   0x00000000200000c0        0x4 Core/Lib/moduli/pid/pid.o
 .bss.Ki_teta   0x00000000200000c4        0x4 Core/Lib/moduli/pid/pid.o
 .bss.Kd_teta   0x00000000200000c8        0x4 Core/Lib/moduli/pid/pid.o
 .bss.Vdl       0x00000000200000cc        0x4 Core/Lib/moduli/pid/pid.o
                0x00000000200000cc                Vdl
 .bss.Vl        0x00000000200000d0        0x4 Core/Lib/moduli/pid/pid.o
                0x00000000200000d0                Vl
 .bss.Vdr       0x00000000200000d4        0x4 Core/Lib/moduli/pid/pid.o
                0x00000000200000d4                Vdr
 .bss.Vr        0x00000000200000d8        0x4 Core/Lib/moduli/pid/pid.o
                0x00000000200000d8                Vr
 .bss.teta_ei_max
                0x00000000200000dc        0x4 Core/Lib/moduli/pid/pid.o
 .bss.teta_ei_min
                0x00000000200000e0        0x4 Core/Lib/moduli/pid/pid.o
 .bss.d_ei_max  0x00000000200000e4        0x4 Core/Lib/moduli/pid/pid.o
 .bss.d_ei_min  0x00000000200000e8        0x4 Core/Lib/moduli/pid/pid.o
 .bss.faza      0x00000000200000ec        0x4 Core/Lib/moduli/pid/pid.o
                0x00000000200000ec                faza
 .bss.x_e       0x00000000200000f0        0x4 Core/Lib/moduli/pid/pid.o
                0x00000000200000f0                x_e
 .bss.x_el      0x00000000200000f4        0x4 Core/Lib/moduli/pid/pid.o
                0x00000000200000f4                x_el
 .bss.y_el      0x00000000200000f8        0x4 Core/Lib/moduli/pid/pid.o
                0x00000000200000f8                y_el
 .bss.y_e       0x00000000200000fc        0x4 Core/Lib/moduli/pid/pid.o
                0x00000000200000fc                y_e
 .bss.sistemsko_vreme
                0x0000000020000100        0x4 Core/Lib/periferije/tajmer/tajmer.o
 .bss.sistemsko_vreme_mikro
                0x0000000020000104        0x4 Core/Lib/periferije/tajmer/tajmer.o
 .bss.bafer     0x0000000020000108       0x1e Core/Lib/periferije/uart/uart.o
 .bss.velicina  0x0000000020000126        0x1 Core/Lib/periferije/uart/uart.o
 .bss.index_upisa
                0x0000000020000127        0x1 Core/Lib/periferije/uart/uart.o
 .bss.index_citanja
                0x0000000020000128        0x1 Core/Lib/periferije/uart/uart.o
 *fill*         0x0000000020000129        0x3 
 .bss.niz_AX    0x000000002000012c        0xc Core/Lib/periferije/uart/uart.o
 .bss.cs        0x0000000020000138        0x1 Core/Lib/periferije/uart/uart.o
 *fill*         0x0000000020000139        0x1 
 .bss.ugao      0x000000002000013a        0x2 Core/Lib/periferije/uart/uart.o
 .bss.p1        0x000000002000013c        0x2 Core/Lib/periferije/uart/uart.o
 .bss.p2        0x000000002000013e        0x2 Core/Lib/periferije/uart/uart.o
 .bss.p         0x0000000020000140        0x2 Core/Lib/periferije/uart/uart.o
 .bss.i.7269    0x0000000020000142        0x1 Core/Lib/periferije/uart/uart.o
 *(COMMON)
 *fill*         0x0000000020000143        0x1 
 COMMON         0x0000000020000144       0x1c Core/Lib/moduli/odometrija/odometrija.o
                0x0000000020000144                x
                0x0000000020000148                distance
                0x000000002000014c                vl_inc
                0x000000002000014e                vd_inc
                0x0000000020000150                lin_brzina
                0x0000000020000154                y
                0x0000000020000158                omega
                0x000000002000015c                teta
 COMMON         0x0000000020000160       0x34 Core/Lib/moduli/pid/pid.o
                0x0000000020000160                teta_e
                0x0000000020000164                d_e
                0x0000000020000168                teta_de
                0x000000002000016c                d_de
                0x0000000020000170                teta_min
                0x0000000020000174                teta_ei
                0x0000000020000178                d_de_p
                0x000000002000017c                teta_de_p
                0x0000000020000180                d_ei
                0x0000000020000184                y_d
                0x0000000020000188                t_ce
                0x000000002000018c                x_d
                0x0000000020000190                teta_d
 COMMON         0x0000000020000194        0x5 Core/Src/main.o
                0x0000000020000194                promenljiva5
                0x0000000020000195                promenljiva3
                0x0000000020000196                promenljiva4
                0x0000000020000197                promenljiva2
                0x0000000020000198                promenljiva1
 *fill*         0x0000000020000199        0x3 
 COMMON         0x000000002000019c        0x4 Drivers/STM32F4xx_HAL_Driver/Src/stm32f4xx_hal.o
                0x000000002000019c                uwTick
                0x00000000200001a0                . = ALIGN (0x4)
                0x00000000200001a0                _ebss = .
                0x00000000200001a0                __bss_end__ = _ebss

._user_heap_stack
                0x00000000200001a0      0x600 load address 0x0000000008007490
                0x00000000200001a0                . = ALIGN (0x8)
                0x00000000200001a0                PROVIDE (end = .)
                [!provide]                        PROVIDE (_end = .)
                0x00000000200003a0                . = (. + _Min_Heap_Size)
 *fill*         0x00000000200001a0      0x200 
                0x00000000200007a0                . = (. + _Min_Stack_Size)
 *fill*         0x00000000200003a0      0x400 
                0x00000000200007a0                . = ALIGN (0x8)

/DISCARD/
 libc.a(*)
 libm.a(*)
 libgcc.a(*)

.ARM.attributes
                0x0000000000000000       0x30
 *(.ARM.attributes)
 .ARM.attributes
                0x0000000000000000       0x22 /opt/st/stm32cubeide_1.2.0/plugins/com.st.stm32cube.ide.mcu.externaltools.gnu-tools-for-stm32.7-2018-q2-update.linux64_1.0.0.201904181610/tools/bin/../lib/gcc/arm-none-eabi/7.3.1/thumb/v7e-m/fpv4-sp/hard/crti.o
 .ARM.attributes
                0x0000000000000022       0x34 /opt/st/stm32cubeide_1.2.0/plugins/com.st.stm32cube.ide.mcu.externaltools.gnu-tools-for-stm32.7-2018-q2-update.linux64_1.0.0.201904181610/tools/bin/../lib/gcc/arm-none-eabi/7.3.1/thumb/v7e-m/fpv4-sp/hard/crtbegin.o
 .ARM.attributes
                0x0000000000000056       0x39 Core/Lib/moduli/maxxoni/maxxoni.o
 .ARM.attributes
                0x000000000000008f       0x39 Core/Lib/moduli/odometrija/odometrija.o
 .ARM.attributes
                0x00000000000000c8       0x39 Core/Lib/moduli/pid/pid.o
 .ARM.attributes
                0x0000000000000101       0x39 Core/Lib/moduli/sick/sick.o
 .ARM.attributes
                0x000000000000013a       0x39 Core/Lib/moduli/step/step.o
 .ARM.attributes
                0x0000000000000173       0x39 Core/Lib/periferije/enkoder/enkoder.o
 .ARM.attributes
                0x00000000000001ac       0x39 Core/Lib/periferije/gpio/gpio.o
 .ARM.attributes
                0x00000000000001e5       0x39 Core/Lib/periferije/tajmer/tajmer.o
 .ARM.attributes
                0x000000000000021e       0x39 Core/Lib/periferije/uart/uart.o
 .ARM.attributes
                0x0000000000000257       0x39 Core/Src/main.o
 .ARM.attributes
                0x0000000000000290       0x39 Core/Src/stm32f4xx_hal_msp.o
 .ARM.attributes
                0x00000000000002c9       0x39 Core/Src/stm32f4xx_it.o
 .ARM.attributes
                0x0000000000000302       0x39 Core/Src/system_stm32f4xx.o
 .ARM.attributes
                0x000000000000033b       0x21 Core/Startup/startup_stm32f401retx.o
 .ARM.attributes
                0x000000000000035c       0x39 Drivers/STM32F4xx_HAL_Driver/Src/stm32f4xx_hal.o
 .ARM.attributes
                0x0000000000000395       0x39 Drivers/STM32F4xx_HAL_Driver/Src/stm32f4xx_hal_cortex.o
 .ARM.attributes
                0x00000000000003ce       0x39 Drivers/STM32F4xx_HAL_Driver/Src/stm32f4xx_hal_rcc.o
 .ARM.attributes
                0x0000000000000407       0x34 /opt/st/stm32cubeide_1.2.0/plugins/com.st.stm32cube.ide.mcu.externaltools.gnu-tools-for-stm32.7-2018-q2-update.linux64_1.0.0.201904181610/tools/bin/../lib/gcc/arm-none-eabi/7.3.1/../../../../arm-none-eabi/lib/thumb/v7e-m/fpv4-sp/hard/libc_nano.a(lib_a-errno.o)
 .ARM.attributes
                0x000000000000043b       0x34 /opt/st/stm32cubeide_1.2.0/plugins/com.st.stm32cube.ide.mcu.externaltools.gnu-tools-for-stm32.7-2018-q2-update.linux64_1.0.0.201904181610/tools/bin/../lib/gcc/arm-none-eabi/7.3.1/../../../../arm-none-eabi/lib/thumb/v7e-m/fpv4-sp/hard/libc_nano.a(lib_a-impure.o)
 .ARM.attributes
                0x000000000000046f       0x34 /opt/st/stm32cubeide_1.2.0/plugins/com.st.stm32cube.ide.mcu.externaltools.gnu-tools-for-stm32.7-2018-q2-update.linux64_1.0.0.201904181610/tools/bin/../lib/gcc/arm-none-eabi/7.3.1/../../../../arm-none-eabi/lib/thumb/v7e-m/fpv4-sp/hard/libc_nano.a(lib_a-init.o)
 .ARM.attributes
                0x00000000000004a3       0x34 /opt/st/stm32cubeide_1.2.0/plugins/com.st.stm32cube.ide.mcu.externaltools.gnu-tools-for-stm32.7-2018-q2-update.linux64_1.0.0.201904181610/tools/bin/../lib/gcc/arm-none-eabi/7.3.1/../../../../arm-none-eabi/lib/thumb/v7e-m/fpv4-sp/hard/libc_nano.a(lib_a-memset.o)
 .ARM.attributes
                0x00000000000004d7       0x34 /opt/st/stm32cubeide_1.2.0/plugins/com.st.stm32cube.ide.mcu.externaltools.gnu-tools-for-stm32.7-2018-q2-update.linux64_1.0.0.201904181610/tools/bin/../lib/gcc/arm-none-eabi/7.3.1/../../../../arm-none-eabi/lib/thumb/v7e-m/fpv4-sp/hard/libm.a(lib_a-s_cos.o)
 .ARM.attributes
                0x000000000000050b       0x34 /opt/st/stm32cubeide_1.2.0/plugins/com.st.stm32cube.ide.mcu.externaltools.gnu-tools-for-stm32.7-2018-q2-update.linux64_1.0.0.201904181610/tools/bin/../lib/gcc/arm-none-eabi/7.3.1/../../../../arm-none-eabi/lib/thumb/v7e-m/fpv4-sp/hard/libm.a(lib_a-s_sin.o)
 .ARM.attributes
                0x000000000000053f       0x34 /opt/st/stm32cubeide_1.2.0/plugins/com.st.stm32cube.ide.mcu.externaltools.gnu-tools-for-stm32.7-2018-q2-update.linux64_1.0.0.201904181610/tools/bin/../lib/gcc/arm-none-eabi/7.3.1/../../../../arm-none-eabi/lib/thumb/v7e-m/fpv4-sp/hard/libm.a(lib_a-sf_cos.o)
 .ARM.attributes
                0x0000000000000573       0x34 /opt/st/stm32cubeide_1.2.0/plugins/com.st.stm32cube.ide.mcu.externaltools.gnu-tools-for-stm32.7-2018-q2-update.linux64_1.0.0.201904181610/tools/bin/../lib/gcc/arm-none-eabi/7.3.1/../../../../arm-none-eabi/lib/thumb/v7e-m/fpv4-sp/hard/libm.a(lib_a-sf_sin.o)
 .ARM.attributes
                0x00000000000005a7       0x34 /opt/st/stm32cubeide_1.2.0/plugins/com.st.stm32cube.ide.mcu.externaltools.gnu-tools-for-stm32.7-2018-q2-update.linux64_1.0.0.201904181610/tools/bin/../lib/gcc/arm-none-eabi/7.3.1/../../../../arm-none-eabi/lib/thumb/v7e-m/fpv4-sp/hard/libm.a(lib_a-w_sqrt.o)
 .ARM.attributes
                0x00000000000005db       0x34 /opt/st/stm32cubeide_1.2.0/plugins/com.st.stm32cube.ide.mcu.externaltools.gnu-tools-for-stm32.7-2018-q2-update.linux64_1.0.0.201904181610/tools/bin/../lib/gcc/arm-none-eabi/7.3.1/../../../../arm-none-eabi/lib/thumb/v7e-m/fpv4-sp/hard/libm.a(lib_a-wf_atan2.o)
 .ARM.attributes
                0x000000000000060f       0x34 /opt/st/stm32cubeide_1.2.0/plugins/com.st.stm32cube.ide.mcu.externaltools.gnu-tools-for-stm32.7-2018-q2-update.linux64_1.0.0.201904181610/tools/bin/../lib/gcc/arm-none-eabi/7.3.1/../../../../arm-none-eabi/lib/thumb/v7e-m/fpv4-sp/hard/libm.a(lib_a-e_rem_pio2.o)
 .ARM.attributes
                0x0000000000000643       0x34 /opt/st/stm32cubeide_1.2.0/plugins/com.st.stm32cube.ide.mcu.externaltools.gnu-tools-for-stm32.7-2018-q2-update.linux64_1.0.0.201904181610/tools/bin/../lib/gcc/arm-none-eabi/7.3.1/../../../../arm-none-eabi/lib/thumb/v7e-m/fpv4-sp/hard/libm.a(lib_a-e_sqrt.o)
 .ARM.attributes
                0x0000000000000677       0x34 /opt/st/stm32cubeide_1.2.0/plugins/com.st.stm32cube.ide.mcu.externaltools.gnu-tools-for-stm32.7-2018-q2-update.linux64_1.0.0.201904181610/tools/bin/../lib/gcc/arm-none-eabi/7.3.1/../../../../arm-none-eabi/lib/thumb/v7e-m/fpv4-sp/hard/libm.a(lib_a-ef_atan2.o)
 .ARM.attributes
                0x00000000000006ab       0x34 /opt/st/stm32cubeide_1.2.0/plugins/com.st.stm32cube.ide.mcu.externaltools.gnu-tools-for-stm32.7-2018-q2-update.linux64_1.0.0.201904181610/tools/bin/../lib/gcc/arm-none-eabi/7.3.1/../../../../arm-none-eabi/lib/thumb/v7e-m/fpv4-sp/hard/libm.a(lib_a-ef_rem_pio2.o)
 .ARM.attributes
                0x00000000000006df       0x34 /opt/st/stm32cubeide_1.2.0/plugins/com.st.stm32cube.ide.mcu.externaltools.gnu-tools-for-stm32.7-2018-q2-update.linux64_1.0.0.201904181610/tools/bin/../lib/gcc/arm-none-eabi/7.3.1/../../../../arm-none-eabi/lib/thumb/v7e-m/fpv4-sp/hard/libm.a(lib_a-k_cos.o)
 .ARM.attributes
                0x0000000000000713       0x34 /opt/st/stm32cubeide_1.2.0/plugins/com.st.stm32cube.ide.mcu.externaltools.gnu-tools-for-stm32.7-2018-q2-update.linux64_1.0.0.201904181610/tools/bin/../lib/gcc/arm-none-eabi/7.3.1/../../../../arm-none-eabi/lib/thumb/v7e-m/fpv4-sp/hard/libm.a(lib_a-k_rem_pio2.o)
 .ARM.attributes
                0x0000000000000747       0x34 /opt/st/stm32cubeide_1.2.0/plugins/com.st.stm32cube.ide.mcu.externaltools.gnu-tools-for-stm32.7-2018-q2-update.linux64_1.0.0.201904181610/tools/bin/../lib/gcc/arm-none-eabi/7.3.1/../../../../arm-none-eabi/lib/thumb/v7e-m/fpv4-sp/hard/libm.a(lib_a-k_sin.o)
 .ARM.attributes
                0x000000000000077b       0x34 /opt/st/stm32cubeide_1.2.0/plugins/com.st.stm32cube.ide.mcu.externaltools.gnu-tools-for-stm32.7-2018-q2-update.linux64_1.0.0.201904181610/tools/bin/../lib/gcc/arm-none-eabi/7.3.1/../../../../arm-none-eabi/lib/thumb/v7e-m/fpv4-sp/hard/libm.a(lib_a-kf_cos.o)
 .ARM.attributes
                0x00000000000007af       0x34 /opt/st/stm32cubeide_1.2.0/plugins/com.st.stm32cube.ide.mcu.externaltools.gnu-tools-for-stm32.7-2018-q2-update.linux64_1.0.0.201904181610/tools/bin/../lib/gcc/arm-none-eabi/7.3.1/../../../../arm-none-eabi/lib/thumb/v7e-m/fpv4-sp/hard/libm.a(lib_a-kf_rem_pio2.o)
 .ARM.attributes
                0x00000000000007e3       0x34 /opt/st/stm32cubeide_1.2.0/plugins/com.st.stm32cube.ide.mcu.externaltools.gnu-tools-for-stm32.7-2018-q2-update.linux64_1.0.0.201904181610/tools/bin/../lib/gcc/arm-none-eabi/7.3.1/../../../../arm-none-eabi/lib/thumb/v7e-m/fpv4-sp/hard/libm.a(lib_a-kf_sin.o)
 .ARM.attributes
                0x0000000000000817       0x34 /opt/st/stm32cubeide_1.2.0/plugins/com.st.stm32cube.ide.mcu.externaltools.gnu-tools-for-stm32.7-2018-q2-update.linux64_1.0.0.201904181610/tools/bin/../lib/gcc/arm-none-eabi/7.3.1/../../../../arm-none-eabi/lib/thumb/v7e-m/fpv4-sp/hard/libm.a(lib_a-s_fabs.o)
 .ARM.attributes
                0x000000000000084b       0x34 /opt/st/stm32cubeide_1.2.0/plugins/com.st.stm32cube.ide.mcu.externaltools.gnu-tools-for-stm32.7-2018-q2-update.linux64_1.0.0.201904181610/tools/bin/../lib/gcc/arm-none-eabi/7.3.1/../../../../arm-none-eabi/lib/thumb/v7e-m/fpv4-sp/hard/libm.a(lib_a-s_floor.o)
 .ARM.attributes
                0x000000000000087f       0x34 /opt/st/stm32cubeide_1.2.0/plugins/com.st.stm32cube.ide.mcu.externaltools.gnu-tools-for-stm32.7-2018-q2-update.linux64_1.0.0.201904181610/tools/bin/../lib/gcc/arm-none-eabi/7.3.1/../../../../arm-none-eabi/lib/thumb/v7e-m/fpv4-sp/hard/libm.a(lib_a-s_lib_ver.o)
 .ARM.attributes
                0x00000000000008b3       0x34 /opt/st/stm32cubeide_1.2.0/plugins/com.st.stm32cube.ide.mcu.externaltools.gnu-tools-for-stm32.7-2018-q2-update.linux64_1.0.0.201904181610/tools/bin/../lib/gcc/arm-none-eabi/7.3.1/../../../../arm-none-eabi/lib/thumb/v7e-m/fpv4-sp/hard/libm.a(lib_a-s_matherr.o)
 .ARM.attributes
                0x00000000000008e7       0x34 /opt/st/stm32cubeide_1.2.0/plugins/com.st.stm32cube.ide.mcu.externaltools.gnu-tools-for-stm32.7-2018-q2-update.linux64_1.0.0.201904181610/tools/bin/../lib/gcc/arm-none-eabi/7.3.1/../../../../arm-none-eabi/lib/thumb/v7e-m/fpv4-sp/hard/libm.a(lib_a-s_scalbn.o)
 .ARM.attributes
                0x000000000000091b       0x34 /opt/st/stm32cubeide_1.2.0/plugins/com.st.stm32cube.ide.mcu.externaltools.gnu-tools-for-stm32.7-2018-q2-update.linux64_1.0.0.201904181610/tools/bin/../lib/gcc/arm-none-eabi/7.3.1/../../../../arm-none-eabi/lib/thumb/v7e-m/fpv4-sp/hard/libm.a(lib_a-sf_atan.o)
 .ARM.attributes
                0x000000000000094f       0x34 /opt/st/stm32cubeide_1.2.0/plugins/com.st.stm32cube.ide.mcu.externaltools.gnu-tools-for-stm32.7-2018-q2-update.linux64_1.0.0.201904181610/tools/bin/../lib/gcc/arm-none-eabi/7.3.1/../../../../arm-none-eabi/lib/thumb/v7e-m/fpv4-sp/hard/libm.a(lib_a-sf_fabs.o)
 .ARM.attributes
                0x0000000000000983       0x34 /opt/st/stm32cubeide_1.2.0/plugins/com.st.stm32cube.ide.mcu.externaltools.gnu-tools-for-stm32.7-2018-q2-update.linux64_1.0.0.201904181610/tools/bin/../lib/gcc/arm-none-eabi/7.3.1/../../../../arm-none-eabi/lib/thumb/v7e-m/fpv4-sp/hard/libm.a(lib_a-sf_floor.o)
 .ARM.attributes
                0x00000000000009b7       0x34 /opt/st/stm32cubeide_1.2.0/plugins/com.st.stm32cube.ide.mcu.externaltools.gnu-tools-for-stm32.7-2018-q2-update.linux64_1.0.0.201904181610/tools/bin/../lib/gcc/arm-none-eabi/7.3.1/../../../../arm-none-eabi/lib/thumb/v7e-m/fpv4-sp/hard/libm.a(lib_a-sf_scalbn.o)
 .ARM.attributes
                0x00000000000009eb       0x34 /opt/st/stm32cubeide_1.2.0/plugins/com.st.stm32cube.ide.mcu.externaltools.gnu-tools-for-stm32.7-2018-q2-update.linux64_1.0.0.201904181610/tools/bin/../lib/gcc/arm-none-eabi/7.3.1/../../../../arm-none-eabi/lib/thumb/v7e-m/fpv4-sp/hard/libm.a(lib_a-s_copysign.o)
 .ARM.attributes
                0x0000000000000a1f       0x34 /opt/st/stm32cubeide_1.2.0/plugins/com.st.stm32cube.ide.mcu.externaltools.gnu-tools-for-stm32.7-2018-q2-update.linux64_1.0.0.201904181610/tools/bin/../lib/gcc/arm-none-eabi/7.3.1/../../../../arm-none-eabi/lib/thumb/v7e-m/fpv4-sp/hard/libm.a(lib_a-sf_copysign.o)
 .ARM.attributes
                0x0000000000000a53       0x22 /opt/st/stm32cubeide_1.2.0/plugins/com.st.stm32cube.ide.mcu.externaltools.gnu-tools-for-stm32.7-2018-q2-update.linux64_1.0.0.201904181610/tools/bin/../lib/gcc/arm-none-eabi/7.3.1/thumb/v7e-m/fpv4-sp/hard/libgcc.a(_arm_addsubdf3.o)
 .ARM.attributes
                0x0000000000000a75       0x22 /opt/st/stm32cubeide_1.2.0/plugins/com.st.stm32cube.ide.mcu.externaltools.gnu-tools-for-stm32.7-2018-q2-update.linux64_1.0.0.201904181610/tools/bin/../lib/gcc/arm-none-eabi/7.3.1/thumb/v7e-m/fpv4-sp/hard/libgcc.a(_arm_muldivdf3.o)
 .ARM.attributes
                0x0000000000000a97       0x22 /opt/st/stm32cubeide_1.2.0/plugins/com.st.stm32cube.ide.mcu.externaltools.gnu-tools-for-stm32.7-2018-q2-update.linux64_1.0.0.201904181610/tools/bin/../lib/gcc/arm-none-eabi/7.3.1/thumb/v7e-m/fpv4-sp/hard/libgcc.a(_arm_cmpdf2.o)
 .ARM.attributes
                0x0000000000000ab9       0x22 /opt/st/stm32cubeide_1.2.0/plugins/com.st.stm32cube.ide.mcu.externaltools.gnu-tools-for-stm32.7-2018-q2-update.linux64_1.0.0.201904181610/tools/bin/../lib/gcc/arm-none-eabi/7.3.1/thumb/v7e-m/fpv4-sp/hard/libgcc.a(_arm_unorddf2.o)
 .ARM.attributes
                0x0000000000000adb       0x22 /opt/st/stm32cubeide_1.2.0/plugins/com.st.stm32cube.ide.mcu.externaltools.gnu-tools-for-stm32.7-2018-q2-update.linux64_1.0.0.201904181610/tools/bin/../lib/gcc/arm-none-eabi/7.3.1/thumb/v7e-m/fpv4-sp/hard/libgcc.a(_arm_fixdfsi.o)
 .ARM.attributes
                0x0000000000000afd       0x22 /opt/st/stm32cubeide_1.2.0/plugins/com.st.stm32cube.ide.mcu.externaltools.gnu-tools-for-stm32.7-2018-q2-update.linux64_1.0.0.201904181610/tools/bin/../lib/gcc/arm-none-eabi/7.3.1/thumb/v7e-m/fpv4-sp/hard/libgcc.a(_arm_truncdfsf2.o)
 .ARM.attributes
                0x0000000000000b1f       0x22 /opt/st/stm32cubeide_1.2.0/plugins/com.st.stm32cube.ide.mcu.externaltools.gnu-tools-for-stm32.7-2018-q2-update.linux64_1.0.0.201904181610/tools/bin/../lib/gcc/arm-none-eabi/7.3.1/thumb/v7e-m/fpv4-sp/hard/libgcc.a(_aeabi_uldivmod.o)
 .ARM.attributes
                0x0000000000000b41       0x34 /opt/st/stm32cubeide_1.2.0/plugins/com.st.stm32cube.ide.mcu.externaltools.gnu-tools-for-stm32.7-2018-q2-update.linux64_1.0.0.201904181610/tools/bin/../lib/gcc/arm-none-eabi/7.3.1/thumb/v7e-m/fpv4-sp/hard/libgcc.a(_udivmoddi4.o)
 .ARM.attributes
                0x0000000000000b75       0x22 /opt/st/stm32cubeide_1.2.0/plugins/com.st.stm32cube.ide.mcu.externaltools.gnu-tools-for-stm32.7-2018-q2-update.linux64_1.0.0.201904181610/tools/bin/../lib/gcc/arm-none-eabi/7.3.1/thumb/v7e-m/fpv4-sp/hard/libgcc.a(_dvmd_tls.o)
 .ARM.attributes
                0x0000000000000b97       0x22 /opt/st/stm32cubeide_1.2.0/plugins/com.st.stm32cube.ide.mcu.externaltools.gnu-tools-for-stm32.7-2018-q2-update.linux64_1.0.0.201904181610/tools/bin/../lib/gcc/arm-none-eabi/7.3.1/thumb/v7e-m/fpv4-sp/hard/crtn.o
OUTPUT(Veliki_nucleo_konacno.elf elf32-littlearm)

.debug_info     0x0000000000000000     0x8d29
 .debug_info    0x0000000000000000      0x682 Core/Lib/moduli/maxxoni/maxxoni.o
 .debug_info    0x0000000000000682      0xadc Core/Lib/moduli/odometrija/odometrija.o
 .debug_info    0x000000000000115e      0xce1 Core/Lib/moduli/pid/pid.o
 .debug_info    0x0000000000001e3f      0x50d Core/Lib/moduli/sick/sick.o
 .debug_info    0x000000000000234c      0x482 Core/Lib/moduli/step/step.o
 .debug_info    0x00000000000027ce      0x602 Core/Lib/periferije/enkoder/enkoder.o
 .debug_info    0x0000000000002dd0      0x4d6 Core/Lib/periferije/gpio/gpio.o
 .debug_info    0x00000000000032a6      0x72b Core/Lib/periferije/tajmer/tajmer.o
 .debug_info    0x00000000000039d1      0x880 Core/Lib/periferije/uart/uart.o
 .debug_info    0x0000000000004251      0xe9d Core/Src/main.o
 .debug_info    0x00000000000050ee      0xc45 Core/Src/stm32f4xx_hal_msp.o
 .debug_info    0x0000000000005d33      0xac3 Core/Src/stm32f4xx_it.o
 .debug_info    0x00000000000067f6      0x57e Core/Src/system_stm32f4xx.o
 .debug_info    0x0000000000006d74       0x22 Core/Startup/startup_stm32f401retx.o
 .debug_info    0x0000000000006d96      0x8d3 Drivers/STM32F4xx_HAL_Driver/Src/stm32f4xx_hal.o
 .debug_info    0x0000000000007669      0xd92 Drivers/STM32F4xx_HAL_Driver/Src/stm32f4xx_hal_cortex.o
 .debug_info    0x00000000000083fb      0x92e Drivers/STM32F4xx_HAL_Driver/Src/stm32f4xx_hal_rcc.o

.debug_abbrev   0x0000000000000000     0x1c83
 .debug_abbrev  0x0000000000000000      0x136 Core/Lib/moduli/maxxoni/maxxoni.o
 .debug_abbrev  0x0000000000000136      0x209 Core/Lib/moduli/odometrija/odometrija.o
 .debug_abbrev  0x000000000000033f      0x209 Core/Lib/moduli/pid/pid.o
 .debug_abbrev  0x0000000000000548      0x111 Core/Lib/moduli/sick/sick.o
 .debug_abbrev  0x0000000000000659      0x129 Core/Lib/moduli/step/step.o
 .debug_abbrev  0x0000000000000782      0x125 Core/Lib/periferije/enkoder/enkoder.o
 .debug_abbrev  0x00000000000008a7      0x152 Core/Lib/periferije/gpio/gpio.o
 .debug_abbrev  0x00000000000009f9      0x1e8 Core/Lib/periferije/tajmer/tajmer.o
 .debug_abbrev  0x0000000000000be1      0x1f7 Core/Lib/periferije/uart/uart.o
 .debug_abbrev  0x0000000000000dd8      0x24f Core/Src/main.o
 .debug_abbrev  0x0000000000001027      0x203 Core/Src/stm32f4xx_hal_msp.o
 .debug_abbrev  0x000000000000122a      0x1eb Core/Src/stm32f4xx_it.o
 .debug_abbrev  0x0000000000001415      0x12b Core/Src/system_stm32f4xx.o
 .debug_abbrev  0x0000000000001540       0x12 Core/Startup/startup_stm32f401retx.o
 .debug_abbrev  0x0000000000001552      0x1f2 Drivers/STM32F4xx_HAL_Driver/Src/stm32f4xx_hal.o
 .debug_abbrev  0x0000000000001744      0x2fa Drivers/STM32F4xx_HAL_Driver/Src/stm32f4xx_hal_cortex.o
 .debug_abbrev  0x0000000000001a3e      0x245 Drivers/STM32F4xx_HAL_Driver/Src/stm32f4xx_hal_rcc.o

.debug_aranges  0x0000000000000000      0x618
 .debug_aranges
                0x0000000000000000       0x58 Core/Lib/moduli/maxxoni/maxxoni.o
 .debug_aranges
                0x0000000000000058       0x28 Core/Lib/moduli/odometrija/odometrija.o
 .debug_aranges
                0x0000000000000080       0x30 Core/Lib/moduli/pid/pid.o
 .debug_aranges
                0x00000000000000b0       0x48 Core/Lib/moduli/sick/sick.o
 .debug_aranges
                0x00000000000000f8       0x38 Core/Lib/moduli/step/step.o
 .debug_aranges
                0x0000000000000130       0x40 Core/Lib/periferije/enkoder/enkoder.o
 .debug_aranges
                0x0000000000000170       0x48 Core/Lib/periferije/gpio/gpio.o
 .debug_aranges
                0x00000000000001b8       0x68 Core/Lib/periferije/tajmer/tajmer.o
 .debug_aranges
                0x0000000000000220       0x60 Core/Lib/periferije/uart/uart.o
 .debug_aranges
                0x0000000000000280       0x38 Core/Src/main.o
 .debug_aranges
                0x00000000000002b8       0x20 Core/Src/stm32f4xx_hal_msp.o
 .debug_aranges
                0x00000000000002d8       0x60 Core/Src/stm32f4xx_it.o
 .debug_aranges
                0x0000000000000338       0x28 Core/Src/system_stm32f4xx.o
 .debug_aranges
                0x0000000000000360       0x28 Core/Startup/startup_stm32f401retx.o
 .debug_aranges
                0x0000000000000388       0xf0 Drivers/STM32F4xx_HAL_Driver/Src/stm32f4xx_hal.o
 .debug_aranges
                0x0000000000000478      0x118 Drivers/STM32F4xx_HAL_Driver/Src/stm32f4xx_hal_cortex.o
 .debug_aranges
                0x0000000000000590       0x88 Drivers/STM32F4xx_HAL_Driver/Src/stm32f4xx_hal_rcc.o

.debug_ranges   0x0000000000000000      0x510
 .debug_ranges  0x0000000000000000       0x48 Core/Lib/moduli/maxxoni/maxxoni.o
 .debug_ranges  0x0000000000000048       0x18 Core/Lib/moduli/odometrija/odometrija.o
 .debug_ranges  0x0000000000000060       0x20 Core/Lib/moduli/pid/pid.o
 .debug_ranges  0x0000000000000080       0x38 Core/Lib/moduli/sick/sick.o
 .debug_ranges  0x00000000000000b8       0x28 Core/Lib/moduli/step/step.o
 .debug_ranges  0x00000000000000e0       0x30 Core/Lib/periferije/enkoder/enkoder.o
 .debug_ranges  0x0000000000000110       0x38 Core/Lib/periferije/gpio/gpio.o
 .debug_ranges  0x0000000000000148       0x58 Core/Lib/periferije/tajmer/tajmer.o
 .debug_ranges  0x00000000000001a0       0x50 Core/Lib/periferije/uart/uart.o
 .debug_ranges  0x00000000000001f0       0x28 Core/Src/main.o
 .debug_ranges  0x0000000000000218       0x10 Core/Src/stm32f4xx_hal_msp.o
 .debug_ranges  0x0000000000000228       0x50 Core/Src/stm32f4xx_it.o
 .debug_ranges  0x0000000000000278       0x18 Core/Src/system_stm32f4xx.o
 .debug_ranges  0x0000000000000290       0x20 Core/Startup/startup_stm32f401retx.o
 .debug_ranges  0x00000000000002b0       0xe0 Drivers/STM32F4xx_HAL_Driver/Src/stm32f4xx_hal.o
 .debug_ranges  0x0000000000000390      0x108 Drivers/STM32F4xx_HAL_Driver/Src/stm32f4xx_hal_cortex.o
 .debug_ranges  0x0000000000000498       0x78 Drivers/STM32F4xx_HAL_Driver/Src/stm32f4xx_hal_rcc.o

.debug_macro    0x0000000000000000     0x2965
 .debug_macro   0x0000000000000000      0x1c3 Core/Lib/moduli/maxxoni/maxxoni.o
 .debug_macro   0x00000000000001c3       0x22 Core/Lib/moduli/maxxoni/maxxoni.o
 .debug_macro   0x00000000000001e5      0x262 Core/Lib/moduli/odometrija/odometrija.o
 .debug_macro   0x0000000000000447       0x46 Core/Lib/moduli/odometrija/odometrija.o
 .debug_macro   0x000000000000048d       0x18 Core/Lib/moduli/odometrija/odometrija.o
 .debug_macro   0x00000000000004a5       0x3c Core/Lib/moduli/odometrija/odometrija.o
 .debug_macro   0x00000000000004e1       0x34 Core/Lib/moduli/odometrija/odometrija.o
 .debug_macro   0x0000000000000515       0x52 Core/Lib/moduli/odometrija/odometrija.o
 .debug_macro   0x0000000000000567       0x1f Core/Lib/moduli/odometrija/odometrija.o
 .debug_macro   0x0000000000000586       0x43 Core/Lib/moduli/odometrija/odometrija.o
 .debug_macro   0x00000000000005c9       0x20 Core/Lib/moduli/odometrija/odometrija.o
 .debug_macro   0x00000000000005e9      0x1a3 Core/Lib/moduli/odometrija/odometrija.o
 .debug_macro   0x000000000000078c      0x32a Core/Lib/moduli/odometrija/odometrija.o
 .debug_macro   0x0000000000000ab6      0x1e1 Core/Lib/moduli/odometrija/odometrija.o
 .debug_macro   0x0000000000000c97      0x283 Core/Lib/moduli/pid/pid.o
 .debug_macro   0x0000000000000f1a      0x1c3 Core/Lib/moduli/sick/sick.o
 .debug_macro   0x00000000000010dd      0x1c4 Core/Lib/moduli/step/step.o
 .debug_macro   0x00000000000012a1      0x1ba Core/Lib/periferije/enkoder/enkoder.o
 .debug_macro   0x000000000000145b      0x1c3 Core/Lib/periferije/gpio/gpio.o
 .debug_macro   0x000000000000161e      0x1ba Core/Lib/periferije/tajmer/tajmer.o
 .debug_macro   0x00000000000017d8      0x1ba Core/Lib/periferije/uart/uart.o
 .debug_macro   0x0000000000001992      0x2d5 Core/Src/main.o
 .debug_macro   0x0000000000001c67      0x2d5 Core/Src/stm32f4xx_hal_msp.o
 .debug_macro   0x0000000000001f3c      0x2df Core/Src/stm32f4xx_it.o
 .debug_macro   0x000000000000221b      0x1b6 Core/Src/system_stm32f4xx.o
 .debug_macro   0x00000000000023d1      0x210 Drivers/STM32F4xx_HAL_Driver/Src/stm32f4xx_hal.o
 .debug_macro   0x00000000000025e1      0x1b0 Drivers/STM32F4xx_HAL_Driver/Src/stm32f4xx_hal_cortex.o
 .debug_macro   0x0000000000002791      0x1d4 Drivers/STM32F4xx_HAL_Driver/Src/stm32f4xx_hal_rcc.o

.debug_line     0x0000000000000000     0x83ea
 .debug_line    0x0000000000000000      0x741 Core/Lib/moduli/maxxoni/maxxoni.o
 .debug_line    0x0000000000000741      0x7f4 Core/Lib/moduli/odometrija/odometrija.o
 .debug_line    0x0000000000000f35      0x9bd Core/Lib/moduli/pid/pid.o
 .debug_line    0x00000000000018f2      0x6e8 Core/Lib/moduli/sick/sick.o
 .debug_line    0x0000000000001fda      0x703 Core/Lib/moduli/step/step.o
 .debug_line    0x00000000000026dd      0x6e3 Core/Lib/periferije/enkoder/enkoder.o
 .debug_line    0x0000000000002dc0      0x6cf Core/Lib/periferije/gpio/gpio.o
 .debug_line    0x000000000000348f      0x728 Core/Lib/periferije/tajmer/tajmer.o
 .debug_line    0x0000000000003bb7      0x785 Core/Lib/periferije/uart/uart.o
 .debug_line    0x000000000000433c      0xa74 Core/Src/main.o
 .debug_line    0x0000000000004db0      0xa0d Core/Src/stm32f4xx_hal_msp.o
 .debug_line    0x00000000000057bd      0xab1 Core/Src/stm32f4xx_it.o
 .debug_line    0x000000000000626e      0x66f Core/Src/system_stm32f4xx.o
 .debug_line    0x00000000000068dd       0x86 Core/Startup/startup_stm32f401retx.o
 .debug_line    0x0000000000006963      0x859 Drivers/STM32F4xx_HAL_Driver/Src/stm32f4xx_hal.o
 .debug_line    0x00000000000071bc      0x97d Drivers/STM32F4xx_HAL_Driver/Src/stm32f4xx_hal_cortex.o
 .debug_line    0x0000000000007b39      0x8b1 Drivers/STM32F4xx_HAL_Driver/Src/stm32f4xx_hal_rcc.o

.debug_str      0x0000000000000000    0x8139b
 .debug_str     0x0000000000000000    0x7c27c Core/Lib/moduli/maxxoni/maxxoni.o
                                      0x7c54f (size before relaxing)
 .debug_str     0x000000000007c27c     0x37cc Core/Lib/moduli/odometrija/odometrija.o
                                      0x7fb16 (size before relaxing)
 .debug_str     0x000000000007fa48      0x105 Core/Lib/moduli/pid/pid.o
                                      0x7fbfc (size before relaxing)
 .debug_str     0x000000000007fb4d       0x8c Core/Lib/moduli/sick/sick.o
                                      0x7c48e (size before relaxing)
 .debug_str     0x000000000007fbd9       0xa5 Core/Lib/moduli/step/step.o
                                      0x7c454 (size before relaxing)
 .debug_str     0x000000000007fc7e       0xaa Core/Lib/periferije/enkoder/enkoder.o
                                      0x7c4d3 (size before relaxing)
 .debug_str     0x000000000007fd28       0xa8 Core/Lib/periferije/gpio/gpio.o
                                      0x7c4aa (size before relaxing)
 .debug_str     0x000000000007fdd0      0x12d Core/Lib/periferije/tajmer/tajmer.o
                                      0x7c553 (size before relaxing)
 .debug_str     0x000000000007fefd      0x173 Core/Lib/periferije/uart/uart.o
                                      0x7c58f (size before relaxing)
 .debug_str     0x0000000000080070      0x1e8 Core/Src/main.o
                                      0x7fe91 (size before relaxing)
 .debug_str     0x0000000000080258       0x2c Core/Src/stm32f4xx_hal_msp.o
                                      0x7fcf0 (size before relaxing)
 .debug_str     0x0000000000080284       0xbd Core/Src/stm32f4xx_it.o
                                      0x7fc6c (size before relaxing)
 .debug_str     0x0000000000080341       0xc4 Core/Src/system_stm32f4xx.o
                                      0x7c441 (size before relaxing)
 .debug_str     0x0000000000080405       0x78 Core/Startup/startup_stm32f401retx.o
 .debug_str     0x000000000008047d      0x916 Drivers/STM32F4xx_HAL_Driver/Src/stm32f4xx_hal.o
                                      0x7cdac (size before relaxing)
 .debug_str     0x0000000000080d93      0x379 Drivers/STM32F4xx_HAL_Driver/Src/stm32f4xx_hal_cortex.o
                                      0x7cb89 (size before relaxing)
 .debug_str     0x000000000008110c      0x28f Drivers/STM32F4xx_HAL_Driver/Src/stm32f4xx_hal_rcc.o
                                      0x7c82e (size before relaxing)

.comment        0x0000000000000000       0x7b
 .comment       0x0000000000000000       0x7b Core/Lib/moduli/maxxoni/maxxoni.o
                                         0x7c (size before relaxing)
 .comment       0x000000000000007b       0x7c Core/Lib/moduli/odometrija/odometrija.o
 .comment       0x000000000000007b       0x7c Core/Lib/moduli/pid/pid.o
 .comment       0x000000000000007b       0x7c Core/Lib/moduli/sick/sick.o
 .comment       0x000000000000007b       0x7c Core/Lib/moduli/step/step.o
 .comment       0x000000000000007b       0x7c Core/Lib/periferije/enkoder/enkoder.o
 .comment       0x000000000000007b       0x7c Core/Lib/periferije/gpio/gpio.o
 .comment       0x000000000000007b       0x7c Core/Lib/periferije/tajmer/tajmer.o
 .comment       0x000000000000007b       0x7c Core/Lib/periferije/uart/uart.o
 .comment       0x000000000000007b       0x7c Core/Src/main.o
 .comment       0x000000000000007b       0x7c Core/Src/stm32f4xx_hal_msp.o
 .comment       0x000000000000007b       0x7c Core/Src/stm32f4xx_it.o
 .comment       0x000000000000007b       0x7c Core/Src/system_stm32f4xx.o
 .comment       0x000000000000007b       0x7c Drivers/STM32F4xx_HAL_Driver/Src/stm32f4xx_hal.o
 .comment       0x000000000000007b       0x7c Drivers/STM32F4xx_HAL_Driver/Src/stm32f4xx_hal_cortex.o
 .comment       0x000000000000007b       0x7c Drivers/STM32F4xx_HAL_Driver/Src/stm32f4xx_hal_rcc.o

.debug_frame    0x0000000000000000     0x1c5c
 .debug_frame   0x0000000000000000      0x14c Core/Lib/moduli/maxxoni/maxxoni.o
 .debug_frame   0x000000000000014c       0x5c Core/Lib/moduli/odometrija/odometrija.o
 .debug_frame   0x00000000000001a8       0x80 Core/Lib/moduli/pid/pid.o
 .debug_frame   0x0000000000000228      0x100 Core/Lib/moduli/sick/sick.o
 .debug_frame   0x0000000000000328       0x98 Core/Lib/moduli/step/step.o
 .debug_frame   0x00000000000003c0       0xd4 Core/Lib/periferije/enkoder/enkoder.o
 .debug_frame   0x0000000000000494       0xf4 Core/Lib/periferije/gpio/gpio.o
 .debug_frame   0x0000000000000588      0x170 Core/Lib/periferije/tajmer/tajmer.o
 .debug_frame   0x00000000000006f8      0x14c Core/Lib/periferije/uart/uart.o
 .debug_frame   0x0000000000000844       0x98 Core/Src/main.o
 .debug_frame   0x00000000000008dc       0x38 Core/Src/stm32f4xx_hal_msp.o
 .debug_frame   0x0000000000000914      0x10c Core/Src/stm32f4xx_it.o
 .debug_frame   0x0000000000000a20       0x58 Core/Src/system_stm32f4xx.o
 .debug_frame   0x0000000000000a78      0x374 Drivers/STM32F4xx_HAL_Driver/Src/stm32f4xx_hal.o
 .debug_frame   0x0000000000000dec      0x498 Drivers/STM32F4xx_HAL_Driver/Src/stm32f4xx_hal_cortex.o
 .debug_frame   0x0000000000001284      0x1f0 Drivers/STM32F4xx_HAL_Driver/Src/stm32f4xx_hal_rcc.o
 .debug_frame   0x0000000000001474       0x20 /opt/st/stm32cubeide_1.2.0/plugins/com.st.stm32cube.ide.mcu.externaltools.gnu-tools-for-stm32.7-2018-q2-update.linux64_1.0.0.201904181610/tools/bin/../lib/gcc/arm-none-eabi/7.3.1/../../../../arm-none-eabi/lib/thumb/v7e-m/fpv4-sp/hard/libc_nano.a(lib_a-errno.o)
 .debug_frame   0x0000000000001494       0x2c /opt/st/stm32cubeide_1.2.0/plugins/com.st.stm32cube.ide.mcu.externaltools.gnu-tools-for-stm32.7-2018-q2-update.linux64_1.0.0.201904181610/tools/bin/../lib/gcc/arm-none-eabi/7.3.1/../../../../arm-none-eabi/lib/thumb/v7e-m/fpv4-sp/hard/libc_nano.a(lib_a-init.o)
 .debug_frame   0x00000000000014c0       0x20 /opt/st/stm32cubeide_1.2.0/plugins/com.st.stm32cube.ide.mcu.externaltools.gnu-tools-for-stm32.7-2018-q2-update.linux64_1.0.0.201904181610/tools/bin/../lib/gcc/arm-none-eabi/7.3.1/../../../../arm-none-eabi/lib/thumb/v7e-m/fpv4-sp/hard/libc_nano.a(lib_a-memset.o)
 .debug_frame   0x00000000000014e0       0x2c /opt/st/stm32cubeide_1.2.0/plugins/com.st.stm32cube.ide.mcu.externaltools.gnu-tools-for-stm32.7-2018-q2-update.linux64_1.0.0.201904181610/tools/bin/../lib/gcc/arm-none-eabi/7.3.1/../../../../arm-none-eabi/lib/thumb/v7e-m/fpv4-sp/hard/libm.a(lib_a-s_cos.o)
 .debug_frame   0x000000000000150c       0x2c /opt/st/stm32cubeide_1.2.0/plugins/com.st.stm32cube.ide.mcu.externaltools.gnu-tools-for-stm32.7-2018-q2-update.linux64_1.0.0.201904181610/tools/bin/../lib/gcc/arm-none-eabi/7.3.1/../../../../arm-none-eabi/lib/thumb/v7e-m/fpv4-sp/hard/libm.a(lib_a-s_sin.o)
 .debug_frame   0x0000000000001538       0x2c /opt/st/stm32cubeide_1.2.0/plugins/com.st.stm32cube.ide.mcu.externaltools.gnu-tools-for-stm32.7-2018-q2-update.linux64_1.0.0.201904181610/tools/bin/../lib/gcc/arm-none-eabi/7.3.1/../../../../arm-none-eabi/lib/thumb/v7e-m/fpv4-sp/hard/libm.a(lib_a-sf_cos.o)
 .debug_frame   0x0000000000001564       0x2c /opt/st/stm32cubeide_1.2.0/plugins/com.st.stm32cube.ide.mcu.externaltools.gnu-tools-for-stm32.7-2018-q2-update.linux64_1.0.0.201904181610/tools/bin/../lib/gcc/arm-none-eabi/7.3.1/../../../../arm-none-eabi/lib/thumb/v7e-m/fpv4-sp/hard/libm.a(lib_a-sf_sin.o)
 .debug_frame   0x0000000000001590       0x4c /opt/st/stm32cubeide_1.2.0/plugins/com.st.stm32cube.ide.mcu.externaltools.gnu-tools-for-stm32.7-2018-q2-update.linux64_1.0.0.201904181610/tools/bin/../lib/gcc/arm-none-eabi/7.3.1/../../../../arm-none-eabi/lib/thumb/v7e-m/fpv4-sp/hard/libm.a(lib_a-w_sqrt.o)
 .debug_frame   0x00000000000015dc       0x20 /opt/st/stm32cubeide_1.2.0/plugins/com.st.stm32cube.ide.mcu.externaltools.gnu-tools-for-stm32.7-2018-q2-update.linux64_1.0.0.201904181610/tools/bin/../lib/gcc/arm-none-eabi/7.3.1/../../../../arm-none-eabi/lib/thumb/v7e-m/fpv4-sp/hard/libm.a(lib_a-wf_atan2.o)
 .debug_frame   0x00000000000015fc       0x40 /opt/st/stm32cubeide_1.2.0/plugins/com.st.stm32cube.ide.mcu.externaltools.gnu-tools-for-stm32.7-2018-q2-update.linux64_1.0.0.201904181610/tools/bin/../lib/gcc/arm-none-eabi/7.3.1/../../../../arm-none-eabi/lib/thumb/v7e-m/fpv4-sp/hard/libm.a(lib_a-e_rem_pio2.o)
 .debug_frame   0x000000000000163c       0x30 /opt/st/stm32cubeide_1.2.0/plugins/com.st.stm32cube.ide.mcu.externaltools.gnu-tools-for-stm32.7-2018-q2-update.linux64_1.0.0.201904181610/tools/bin/../lib/gcc/arm-none-eabi/7.3.1/../../../../arm-none-eabi/lib/thumb/v7e-m/fpv4-sp/hard/libm.a(lib_a-e_sqrt.o)
 .debug_frame   0x000000000000166c       0x30 /opt/st/stm32cubeide_1.2.0/plugins/com.st.stm32cube.ide.mcu.externaltools.gnu-tools-for-stm32.7-2018-q2-update.linux64_1.0.0.201904181610/tools/bin/../lib/gcc/arm-none-eabi/7.3.1/../../../../arm-none-eabi/lib/thumb/v7e-m/fpv4-sp/hard/libm.a(lib_a-ef_atan2.o)
 .debug_frame   0x000000000000169c       0x38 /opt/st/stm32cubeide_1.2.0/plugins/com.st.stm32cube.ide.mcu.externaltools.gnu-tools-for-stm32.7-2018-q2-update.linux64_1.0.0.201904181610/tools/bin/../lib/gcc/arm-none-eabi/7.3.1/../../../../arm-none-eabi/lib/thumb/v7e-m/fpv4-sp/hard/libm.a(lib_a-ef_rem_pio2.o)
 .debug_frame   0x00000000000016d4       0x4c /opt/st/stm32cubeide_1.2.0/plugins/com.st.stm32cube.ide.mcu.externaltools.gnu-tools-for-stm32.7-2018-q2-update.linux64_1.0.0.201904181610/tools/bin/../lib/gcc/arm-none-eabi/7.3.1/../../../../arm-none-eabi/lib/thumb/v7e-m/fpv4-sp/hard/libm.a(lib_a-k_cos.o)
 .debug_frame   0x0000000000001720       0x54 /opt/st/stm32cubeide_1.2.0/plugins/com.st.stm32cube.ide.mcu.externaltools.gnu-tools-for-stm32.7-2018-q2-update.linux64_1.0.0.201904181610/tools/bin/../lib/gcc/arm-none-eabi/7.3.1/../../../../arm-none-eabi/lib/thumb/v7e-m/fpv4-sp/hard/libm.a(lib_a-k_rem_pio2.o)
 .debug_frame   0x0000000000001774       0x40 /opt/st/stm32cubeide_1.2.0/plugins/com.st.stm32cube.ide.mcu.externaltools.gnu-tools-for-stm32.7-2018-q2-update.linux64_1.0.0.201904181610/tools/bin/../lib/gcc/arm-none-eabi/7.3.1/../../../../arm-none-eabi/lib/thumb/v7e-m/fpv4-sp/hard/libm.a(lib_a-k_sin.o)
 .debug_frame   0x00000000000017b4       0x20 /opt/st/stm32cubeide_1.2.0/plugins/com.st.stm32cube.ide.mcu.externaltools.gnu-tools-for-stm32.7-2018-q2-update.linux64_1.0.0.201904181610/tools/bin/../lib/gcc/arm-none-eabi/7.3.1/../../../../arm-none-eabi/lib/thumb/v7e-m/fpv4-sp/hard/libm.a(lib_a-kf_cos.o)
 .debug_frame   0x00000000000017d4       0x5c /opt/st/stm32cubeide_1.2.0/plugins/com.st.stm32cube.ide.mcu.externaltools.gnu-tools-for-stm32.7-2018-q2-update.linux64_1.0.0.201904181610/tools/bin/../lib/gcc/arm-none-eabi/7.3.1/../../../../arm-none-eabi/lib/thumb/v7e-m/fpv4-sp/hard/libm.a(lib_a-kf_rem_pio2.o)
 .debug_frame   0x0000000000001830       0x20 /opt/st/stm32cubeide_1.2.0/plugins/com.st.stm32cube.ide.mcu.externaltools.gnu-tools-for-stm32.7-2018-q2-update.linux64_1.0.0.201904181610/tools/bin/../lib/gcc/arm-none-eabi/7.3.1/../../../../arm-none-eabi/lib/thumb/v7e-m/fpv4-sp/hard/libm.a(lib_a-kf_sin.o)
 .debug_frame   0x0000000000001850       0x20 /opt/st/stm32cubeide_1.2.0/plugins/com.st.stm32cube.ide.mcu.externaltools.gnu-tools-for-stm32.7-2018-q2-update.linux64_1.0.0.201904181610/tools/bin/../lib/gcc/arm-none-eabi/7.3.1/../../../../arm-none-eabi/lib/thumb/v7e-m/fpv4-sp/hard/libm.a(lib_a-s_fabs.o)
 .debug_frame   0x0000000000001870       0x30 /opt/st/stm32cubeide_1.2.0/plugins/com.st.stm32cube.ide.mcu.externaltools.gnu-tools-for-stm32.7-2018-q2-update.linux64_1.0.0.201904181610/tools/bin/../lib/gcc/arm-none-eabi/7.3.1/../../../../arm-none-eabi/lib/thumb/v7e-m/fpv4-sp/hard/libm.a(lib_a-s_floor.o)
 .debug_frame   0x00000000000018a0       0x20 /opt/st/stm32cubeide_1.2.0/plugins/com.st.stm32cube.ide.mcu.externaltools.gnu-tools-for-stm32.7-2018-q2-update.linux64_1.0.0.201904181610/tools/bin/../lib/gcc/arm-none-eabi/7.3.1/../../../../arm-none-eabi/lib/thumb/v7e-m/fpv4-sp/hard/libm.a(lib_a-s_matherr.o)
 .debug_frame   0x00000000000018c0       0x2c /opt/st/stm32cubeide_1.2.0/plugins/com.st.stm32cube.ide.mcu.externaltools.gnu-tools-for-stm32.7-2018-q2-update.linux64_1.0.0.201904181610/tools/bin/../lib/gcc/arm-none-eabi/7.3.1/../../../../arm-none-eabi/lib/thumb/v7e-m/fpv4-sp/hard/libm.a(lib_a-s_scalbn.o)
 .debug_frame   0x00000000000018ec       0x2c /opt/st/stm32cubeide_1.2.0/plugins/com.st.stm32cube.ide.mcu.externaltools.gnu-tools-for-stm32.7-2018-q2-update.linux64_1.0.0.201904181610/tools/bin/../lib/gcc/arm-none-eabi/7.3.1/../../../../arm-none-eabi/lib/thumb/v7e-m/fpv4-sp/hard/libm.a(lib_a-sf_atan.o)
 .debug_frame   0x0000000000001918       0x20 /opt/st/stm32cubeide_1.2.0/plugins/com.st.stm32cube.ide.mcu.externaltools.gnu-tools-for-stm32.7-2018-q2-update.linux64_1.0.0.201904181610/tools/bin/../lib/gcc/arm-none-eabi/7.3.1/../../../../arm-none-eabi/lib/thumb/v7e-m/fpv4-sp/hard/libm.a(lib_a-sf_fabs.o)
 .debug_frame   0x0000000000001938       0x20 /opt/st/stm32cubeide_1.2.0/plugins/com.st.stm32cube.ide.mcu.externaltools.gnu-tools-for-stm32.7-2018-q2-update.linux64_1.0.0.201904181610/tools/bin/../lib/gcc/arm-none-eabi/7.3.1/../../../../arm-none-eabi/lib/thumb/v7e-m/fpv4-sp/hard/libm.a(lib_a-sf_floor.o)
 .debug_frame   0x0000000000001958       0x3c /opt/st/stm32cubeide_1.2.0/plugins/com.st.stm32cube.ide.mcu.externaltools.gnu-tools-for-stm32.7-2018-q2-update.linux64_1.0.0.201904181610/tools/bin/../lib/gcc/arm-none-eabi/7.3.1/../../../../arm-none-eabi/lib/thumb/v7e-m/fpv4-sp/hard/libm.a(lib_a-sf_scalbn.o)
 .debug_frame   0x0000000000001994       0x20 /opt/st/stm32cubeide_1.2.0/plugins/com.st.stm32cube.ide.mcu.externaltools.gnu-tools-for-stm32.7-2018-q2-update.linux64_1.0.0.201904181610/tools/bin/../lib/gcc/arm-none-eabi/7.3.1/../../../../arm-none-eabi/lib/thumb/v7e-m/fpv4-sp/hard/libm.a(lib_a-s_copysign.o)